19:40:34 **** Incremental Build of configuration Debug for project PMIK-zegar ****
make -j12 all 
arm-none-eabi-gcc "../Core/Src/main.c" -mcpu=cortex-m0plus -std=gnu11 -g3 -DDEBUG -DUSE_HAL_DRIVER -DSTM32L073xx -c -I../Core/Inc -I../Drivers/STM32L0xx_HAL_Driver/Inc -I../Drivers/STM32L0xx_HAL_Driver/Inc/Legacy -I../Drivers/CMSIS/Device/ST/STM32L0xx/Include -I../Drivers/CMSIS/Include -I../FATFS/Target -I../FATFS/App -I../Middlewares/Third_Party/FatFs/src -O0 -ffunction-sections -fdata-sections -Wall -fstack-usage -fcyclomatic-complexity -MMD -MP -MF"Core/Src/main.d" -MT"Core/Src/main.o" --specs=nano.specs -mfloat-abi=soft -mthumb -o "Core/Src/main.o"
arm-none-eabi-gcc "../Core/Src/stm32l0xx_hal_msp.c" -mcpu=cortex-m0plus -std=gnu11 -g3 -DDEBUG -DUSE_HAL_DRIVER -DSTM32L073xx -c -I../Core/Inc -I../Drivers/STM32L0xx_HAL_Driver/Inc -I../Drivers/STM32L0xx_HAL_Driver/Inc/Legacy -I../Drivers/CMSIS/Device/ST/STM32L0xx/Include -I../Drivers/CMSIS/Include -I../FATFS/Target -I../FATFS/App -I../Middlewares/Third_Party/FatFs/src -O0 -ffunction-sections -fdata-sections -Wall -fstack-usage -fcyclomatic-complexity -MMD -MP -MF"Core/Src/stm32l0xx_hal_msp.d" -MT"Core/Src/stm32l0xx_hal_msp.o" --specs=nano.specs -mfloat-abi=soft -mthumb -o "Core/Src/stm32l0xx_hal_msp.o"
arm-none-eabi-gcc "../Core/Src/stm32l0xx_it.c" -mcpu=cortex-m0plus -std=gnu11 -g3 -DDEBUG -DUSE_HAL_DRIVER -DSTM32L073xx -c -I../Core/Inc -I../Drivers/STM32L0xx_HAL_Driver/Inc -I../Drivers/STM32L0xx_HAL_Driver/Inc/Legacy -I../Drivers/CMSIS/Device/ST/STM32L0xx/Include -I../Drivers/CMSIS/Include -I../FATFS/Target -I../FATFS/App -I../Middlewares/Third_Party/FatFs/src -O0 -ffunction-sections -fdata-sections -Wall -fstack-usage -fcyclomatic-complexity -MMD -MP -MF"Core/Src/stm32l0xx_it.d" -MT"Core/Src/stm32l0xx_it.o" --specs=nano.specs -mfloat-abi=soft -mthumb -o "Core/Src/stm32l0xx_it.o"
In file included from ../Core/Src/stm32l0xx_it.c:25:
../Core/Inc/game.h:52:9: warning: extra tokens at end of #endif directive [-Wendif-labels]
   52 | #endif  INC_GAME_H_
      |         ^~~~~~~~~~~
../Core/Src/stm32l0xx_it.c: In function 'EXTI2_3_IRQHandler':
../Core/Src/stm32l0xx_it.c:191:10: warning: implicit declaration of function 'MAX7219_PutString'; did you mean 'MAX7219_CS_Pin'? [-Wimplicit-function-declaration]
  191 |          MAX7219_PutString(0, printString); // display string
      |          ^~~~~~~~~~~~~~~~~
      |          MAX7219_CS_Pin
../Core/Src/main.c: In function 'main':
../Core/Src/main.c:107:3: warning: implicit declaration of function 'initialise_monitor_handles' [-Wimplicit-function-declaration]
  107 |   initialise_monitor_handles(); //semihosting
      |   ^~~~~~~~~~~~~~~~~~~~~~~~~~
arm-none-eabi-gcc -o "PMIK-zegar.elf" @"objects.list"  -lrdimon -mcpu=cortex-m0plus -T"C:\Users\kajet\Desktop\pmik-clean\pmik23l_klimaszewski_lachanski\PMIK-projekt\PMIK-zegar\STM32L073RZTX_FLASH.ld" --specs=nosys.specs -Wl,-Map="PMIK-zegar.map" -Wl,--gc-sections -static -specs=rdimon.specs --specs=nano.specs -mfloat-abi=soft -mthumb -Wl,--start-group -lc -lm -Wl,--end-group
Finished building target: PMIK-zegar.elf
 
arm-none-eabi-size   PMIK-zegar.elf 
arm-none-eabi-objdump -h -S  PMIK-zegar.elf  > "PMIK-zegar.list"
   text	   data	    bss	    dec	    hex	filename
  28056	    304	   2240	  30600	   7788	PMIK-zegar.elf
Finished building: default.size.stdout
 
Finished building: PMIK-zegar.list
 
19:40:38 **** Incremental Build of configuration Debug for project PMIK-zegar ****
make -j12 all 
arm-none-eabi-size   PMIK-zegar.elf 
   text	   data	    bss	    dec	    hex	filename
  28056	    304	   2240	  30600	   7788	PMIK-zegar.elf
Finished building: default.size.stdout
 
19:44:24 **** Incremental Build of configuration Debug for project PMIK-zegar ****
make -j12 all 
arm-none-eabi-gcc "../Core/Src/main.c" -mcpu=cortex-m0plus -std=gnu11 -g3 -DDEBUG -DUSE_HAL_DRIVER -DSTM32L073xx -c -I../Core/Inc -I../Drivers/STM32L0xx_HAL_Driver/Inc -I../Drivers/STM32L0xx_HAL_Driver/Inc/Legacy -I../Drivers/CMSIS/Device/ST/STM32L0xx/Include -I../Drivers/CMSIS/Include -I../FATFS/Target -I../FATFS/App -I../Middlewares/Third_Party/FatFs/src -O0 -ffunction-sections -fdata-sections -Wall -fstack-usage -fcyclomatic-complexity -MMD -MP -MF"Core/Src/main.d" -MT"Core/Src/main.o" --specs=nano.specs -mfloat-abi=soft -mthumb -o "Core/Src/main.o"
arm-none-eabi-gcc "../Core/Src/stm32l0xx_it.c" -mcpu=cortex-m0plus -std=gnu11 -g3 -DDEBUG -DUSE_HAL_DRIVER -DSTM32L073xx -c -I../Core/Inc -I../Drivers/STM32L0xx_HAL_Driver/Inc -I../Drivers/STM32L0xx_HAL_Driver/Inc/Legacy -I../Drivers/CMSIS/Device/ST/STM32L0xx/Include -I../Drivers/CMSIS/Include -I../FATFS/Target -I../FATFS/App -I../Middlewares/Third_Party/FatFs/src -O0 -ffunction-sections -fdata-sections -Wall -fstack-usage -fcyclomatic-complexity -MMD -MP -MF"Core/Src/stm32l0xx_it.d" -MT"Core/Src/stm32l0xx_it.o" --specs=nano.specs -mfloat-abi=soft -mthumb -o "Core/Src/stm32l0xx_it.o"
In file included from ../Core/Src/stm32l0xx_it.c:25:
../Core/Inc/game.h:52:9: warning: extra tokens at end of #endif directive [-Wendif-labels]
   52 | #endif  INC_GAME_H_
      |         ^~~~~~~~~~~
../Core/Src/stm32l0xx_it.c: In function 'EXTI2_3_IRQHandler':
../Core/Src/stm32l0xx_it.c:192:10: warning: implicit declaration of function 'MAX7219_PutString'; did you mean 'MAX7219_CS_Pin'? [-Wimplicit-function-declaration]
  192 |          MAX7219_PutString(0, printString); // display string
      |          ^~~~~~~~~~~~~~~~~
      |          MAX7219_CS_Pin
../Core/Src/stm32l0xx_it.c: In function 'TIM2_IRQHandler':
../Core/Src/stm32l0xx_it.c:236:22: error: 'huart1' undeclared (first use in this function)
  236 |   HAL_UART_Transmit(&huart1, (uint8_t*) message, strlen(message), HAL_MAX_DELAY);
      |                      ^~~~~~
../Core/Src/stm32l0xx_it.c:236:22: note: each undeclared identifier is reported only once for each function it appears in
../Core/Src/stm32l0xx_it.c:236:50: warning: implicit declaration of function 'strlen' [-Wimplicit-function-declaration]
  236 |   HAL_UART_Transmit(&huart1, (uint8_t*) message, strlen(message), HAL_MAX_DELAY);
      |                                                  ^~~~~~
../Core/Src/stm32l0xx_it.c:236:50: warning: incompatible implicit declaration of built-in function 'strlen'
../Core/Src/stm32l0xx_it.c:26:1: note: include '<string.h>' or provide a declaration of 'strlen'
   25 | #include "game.h"
  +++ |+#include <string.h>
   26 | 
make: *** [Core/Src/subdir.mk:40: Core/Src/stm32l0xx_it.o] Error 1
make: *** Waiting for unfinished jobs....
../Core/Src/main.c: In function 'main':
../Core/Src/main.c:107:3: warning: implicit declaration of function 'initialise_monitor_handles' [-Wimplicit-function-declaration]
  107 |   initialise_monitor_handles(); //semihosting
      |   ^~~~~~~~~~~~~~~~~~~~~~~~~~
"make -j12 all" terminated with exit code 2. Build might be incomplete.
19:45:29 **** Incremental Build of configuration Debug for project PMIK-zegar ****
make -j12 all 
arm-none-eabi-gcc "../Core/Src/main.c" -mcpu=cortex-m0plus -std=gnu11 -g3 -DDEBUG -DUSE_HAL_DRIVER -DSTM32L073xx -c -I../Core/Inc -I../Drivers/STM32L0xx_HAL_Driver/Inc -I../Drivers/STM32L0xx_HAL_Driver/Inc/Legacy -I../Drivers/CMSIS/Device/ST/STM32L0xx/Include -I../Drivers/CMSIS/Include -I../FATFS/Target -I../FATFS/App -I../Middlewares/Third_Party/FatFs/src -O0 -ffunction-sections -fdata-sections -Wall -fstack-usage -fcyclomatic-complexity -MMD -MP -MF"Core/Src/main.d" -MT"Core/Src/main.o" --specs=nano.specs -mfloat-abi=soft -mthumb -o "Core/Src/main.o"
arm-none-eabi-gcc "../Core/Src/stm32l0xx_it.c" -mcpu=cortex-m0plus -std=gnu11 -g3 -DDEBUG -DUSE_HAL_DRIVER -DSTM32L073xx -c -I../Core/Inc -I../Drivers/STM32L0xx_HAL_Driver/Inc -I../Drivers/STM32L0xx_HAL_Driver/Inc/Legacy -I../Drivers/CMSIS/Device/ST/STM32L0xx/Include -I../Drivers/CMSIS/Include -I../FATFS/Target -I../FATFS/App -I../Middlewares/Third_Party/FatFs/src -O0 -ffunction-sections -fdata-sections -Wall -fstack-usage -fcyclomatic-complexity -MMD -MP -MF"Core/Src/stm32l0xx_it.d" -MT"Core/Src/stm32l0xx_it.o" --specs=nano.specs -mfloat-abi=soft -mthumb -o "Core/Src/stm32l0xx_it.o"
In file included from ../Core/Src/stm32l0xx_it.c:25:
../Core/Inc/game.h:52:9: warning: extra tokens at end of #endif directive [-Wendif-labels]
   52 | #endif  INC_GAME_H_
      |         ^~~~~~~~~~~
../Core/Src/stm32l0xx_it.c: In function 'EXTI2_3_IRQHandler':
../Core/Src/stm32l0xx_it.c:193:10: warning: implicit declaration of function 'MAX7219_PutString'; did you mean 'MAX7219_CS_Pin'? [-Wimplicit-function-declaration]
  193 |          MAX7219_PutString(0, printString); // display string
      |          ^~~~~~~~~~~~~~~~~
      |          MAX7219_CS_Pin
../Core/Src/stm32l0xx_it.c: In function 'TIM2_IRQHandler':
../Core/Src/stm32l0xx_it.c:237:50: warning: implicit declaration of function 'strlen' [-Wimplicit-function-declaration]
  237 |   HAL_UART_Transmit(&huart1, (uint8_t*) message, strlen(message), HAL_MAX_DELAY);
      |                                                  ^~~~~~
../Core/Src/stm32l0xx_it.c:237:50: warning: incompatible implicit declaration of built-in function 'strlen'
../Core/Src/stm32l0xx_it.c:26:1: note: include '<string.h>' or provide a declaration of 'strlen'
   25 | #include "game.h"
  +++ |+#include <string.h>
   26 | 
../Core/Src/main.c: In function 'main':
../Core/Src/main.c:107:3: warning: implicit declaration of function 'initialise_monitor_handles' [-Wimplicit-function-declaration]
  107 |   initialise_monitor_handles(); //semihosting
      |   ^~~~~~~~~~~~~~~~~~~~~~~~~~
arm-none-eabi-gcc -o "PMIK-zegar.elf" @"objects.list"  -lrdimon -mcpu=cortex-m0plus -T"C:\Users\kajet\Desktop\pmik-clean\pmik23l_klimaszewski_lachanski\PMIK-projekt\PMIK-zegar\STM32L073RZTX_FLASH.ld" --specs=nosys.specs -Wl,-Map="PMIK-zegar.map" -Wl,--gc-sections -static -specs=rdimon.specs --specs=nano.specs -mfloat-abi=soft -mthumb -Wl,--start-group -lc -lm -Wl,--end-group
d:\cubeide\stm32cubeide_1.12.1\stm32cubeide\plugins\com.st.stm32cube.ide.mcu.externaltools.gnu-tools-for-stm32.10.3-2021.10.win32_1.0.200.202301161003\tools\arm-none-eabi\bin\ld.exe: ./Core/Src/stm32l0xx_it.o:C:/Users/kajet/Desktop/pmik-clean/pmik23l_klimaszewski_lachanski/PMIK-projekt/PMIK-zegar/Debug/../Core/Src/stm32l0xx_it.c:60: multiple definition of `huart1'; ./Core/Src/main.o:C:/Users/kajet/Desktop/pmik-clean/pmik23l_klimaszewski_lachanski/PMIK-projekt/PMIK-zegar/Debug/../Core/Src/main.c:49: first defined here
collect2.exe: error: ld returned 1 exit status
make: *** [makefile:68: PMIK-zegar.elf] Error 1
"make -j12 all" terminated with exit code 2. Build might be incomplete.
19:46:12 **** Incremental Build of configuration Debug for project PMIK-zegar ****
make -j12 all 
arm-none-eabi-gcc "../Core/Src/stm32l0xx_it.c" -mcpu=cortex-m0plus -std=gnu11 -g3 -DDEBUG -DUSE_HAL_DRIVER -DSTM32L073xx -c -I../Core/Inc -I../Drivers/STM32L0xx_HAL_Driver/Inc -I../Drivers/STM32L0xx_HAL_Driver/Inc/Legacy -I../Drivers/CMSIS/Device/ST/STM32L0xx/Include -I../Drivers/CMSIS/Include -I../FATFS/Target -I../FATFS/App -I../Middlewares/Third_Party/FatFs/src -O0 -ffunction-sections -fdata-sections -Wall -fstack-usage -fcyclomatic-complexity -MMD -MP -MF"Core/Src/stm32l0xx_it.d" -MT"Core/Src/stm32l0xx_it.o" --specs=nano.specs -mfloat-abi=soft -mthumb -o "Core/Src/stm32l0xx_it.o"
In file included from ../Core/Src/stm32l0xx_it.c:25:
../Core/Inc/game.h:52:9: warning: extra tokens at end of #endif directive [-Wendif-labels]
   52 | #endif  INC_GAME_H_
      |         ^~~~~~~~~~~
../Core/Src/stm32l0xx_it.c: In function 'EXTI2_3_IRQHandler':
../Core/Src/stm32l0xx_it.c:193:10: warning: implicit declaration of function 'MAX7219_PutString'; did you mean 'MAX7219_CS_Pin'? [-Wimplicit-function-declaration]
  193 |          MAX7219_PutString(0, printString); // display string
      |          ^~~~~~~~~~~~~~~~~
      |          MAX7219_CS_Pin
../Core/Src/stm32l0xx_it.c: In function 'TIM2_IRQHandler':
../Core/Src/stm32l0xx_it.c:237:50: warning: implicit declaration of function 'strlen' [-Wimplicit-function-declaration]
  237 |   HAL_UART_Transmit(&huart1, (uint8_t*) message, strlen(message), HAL_MAX_DELAY);
      |                                                  ^~~~~~
../Core/Src/stm32l0xx_it.c:237:50: warning: incompatible implicit declaration of built-in function 'strlen'
../Core/Src/stm32l0xx_it.c:26:1: note: include '<string.h>' or provide a declaration of 'strlen'
   25 | #include "game.h"
  +++ |+#include <string.h>
   26 | 
arm-none-eabi-gcc -o "PMIK-zegar.elf" @"objects.list"  -lrdimon -mcpu=cortex-m0plus -T"C:\Users\kajet\Desktop\pmik-clean\pmik23l_klimaszewski_lachanski\PMIK-projekt\PMIK-zegar\STM32L073RZTX_FLASH.ld" --specs=nosys.specs -Wl,-Map="PMIK-zegar.map" -Wl,--gc-sections -static -specs=rdimon.specs --specs=nano.specs -mfloat-abi=soft -mthumb -Wl,--start-group -lc -lm -Wl,--end-group
Finished building target: PMIK-zegar.elf
 
arm-none-eabi-size   PMIK-zegar.elf 
arm-none-eabi-objdump -h -S  PMIK-zegar.elf  > "PMIK-zegar.list"
   text	   data	    bss	    dec	    hex	filename
  28408	    316	   2236	  30960	   78f0	PMIK-zegar.elf
Finished building: default.size.stdout
 
Finished building: PMIK-zegar.list
 
19:51:54 **** Incremental Build of configuration Debug for project PMIK-zegar ****
make -j12 all 
arm-none-eabi-gcc "../Core/Src/stm32l0xx_it.c" -mcpu=cortex-m0plus -std=gnu11 -g3 -DDEBUG -DUSE_HAL_DRIVER -DSTM32L073xx -c -I../Core/Inc -I../Drivers/STM32L0xx_HAL_Driver/Inc -I../Drivers/STM32L0xx_HAL_Driver/Inc/Legacy -I../Drivers/CMSIS/Device/ST/STM32L0xx/Include -I../Drivers/CMSIS/Include -I../FATFS/Target -I../FATFS/App -I../Middlewares/Third_Party/FatFs/src -O0 -ffunction-sections -fdata-sections -Wall -fstack-usage -fcyclomatic-complexity -MMD -MP -MF"Core/Src/stm32l0xx_it.d" -MT"Core/Src/stm32l0xx_it.o" --specs=nano.specs -mfloat-abi=soft -mthumb -o "Core/Src/stm32l0xx_it.o"
In file included from ../Core/Src/stm32l0xx_it.c:25:
../Core/Inc/game.h:52:9: warning: extra tokens at end of #endif directive [-Wendif-labels]
   52 | #endif  INC_GAME_H_
      |         ^~~~~~~~~~~
../Core/Src/stm32l0xx_it.c: In function 'EXTI2_3_IRQHandler':
../Core/Src/stm32l0xx_it.c:193:10: warning: implicit declaration of function 'MAX7219_PutString'; did you mean 'MAX7219_CS_Pin'? [-Wimplicit-function-declaration]
  193 |          MAX7219_PutString(0, printString); // display string
      |          ^~~~~~~~~~~~~~~~~
      |          MAX7219_CS_Pin
arm-none-eabi-gcc -o "PMIK-zegar.elf" @"objects.list"  -lrdimon -mcpu=cortex-m0plus -T"C:\Users\kajet\Desktop\pmik-clean\pmik23l_klimaszewski_lachanski\PMIK-projekt\PMIK-zegar\STM32L073RZTX_FLASH.ld" --specs=nosys.specs -Wl,-Map="PMIK-zegar.map" -Wl,--gc-sections -static -specs=rdimon.specs --specs=nano.specs -mfloat-abi=soft -mthumb -Wl,--start-group -lc -lm -Wl,--end-group
Finished building target: PMIK-zegar.elf
 
arm-none-eabi-size   PMIK-zegar.elf 
arm-none-eabi-objdump -h -S  PMIK-zegar.elf  > "PMIK-zegar.list"
   text	   data	    bss	    dec	    hex	filename
  28408	    316	   2236	  30960	   78f0	PMIK-zegar.elf
Finished building: default.size.stdout
 
Finished building: PMIK-zegar.list
 
19:58:01 **** Incremental Build of configuration Debug for project PMIK-zegar ****
make -j12 all 
arm-none-eabi-gcc "../Core/Src/stm32l0xx_it.c" -mcpu=cortex-m0plus -std=gnu11 -g3 -DDEBUG -DUSE_HAL_DRIVER -DSTM32L073xx -c -I../Core/Inc -I../Drivers/STM32L0xx_HAL_Driver/Inc -I../Drivers/STM32L0xx_HAL_Driver/Inc/Legacy -I../Drivers/CMSIS/Device/ST/STM32L0xx/Include -I../Drivers/CMSIS/Include -I../FATFS/Target -I../FATFS/App -I../Middlewares/Third_Party/FatFs/src -O0 -ffunction-sections -fdata-sections -Wall -fstack-usage -fcyclomatic-complexity -MMD -MP -MF"Core/Src/stm32l0xx_it.d" -MT"Core/Src/stm32l0xx_it.o" --specs=nano.specs -mfloat-abi=soft -mthumb -o "Core/Src/stm32l0xx_it.o"
In file included from ../Core/Src/stm32l0xx_it.c:25:
../Core/Inc/game.h:52:9: warning: extra tokens at end of #endif directive [-Wendif-labels]
   52 | #endif  INC_GAME_H_
      |         ^~~~~~~~~~~
../Core/Src/stm32l0xx_it.c: In function 'EXTI2_3_IRQHandler':
../Core/Src/stm32l0xx_it.c:193:10: warning: implicit declaration of function 'MAX7219_PutString'; did you mean 'MAX7219_CS_Pin'? [-Wimplicit-function-declaration]
  193 |          MAX7219_PutString(0, printString); // display string
      |          ^~~~~~~~~~~~~~~~~
      |          MAX7219_CS_Pin
arm-none-eabi-gcc -o "PMIK-zegar.elf" @"objects.list"  -lrdimon -mcpu=cortex-m0plus -T"C:\Users\kajet\Desktop\pmik-clean\pmik23l_klimaszewski_lachanski\PMIK-projekt\PMIK-zegar\STM32L073RZTX_FLASH.ld" --specs=nosys.specs -Wl,-Map="PMIK-zegar.map" -Wl,--gc-sections -static -specs=rdimon.specs --specs=nano.specs -mfloat-abi=soft -mthumb -Wl,--start-group -lc -lm -Wl,--end-group
Finished building target: PMIK-zegar.elf
 
arm-none-eabi-size   PMIK-zegar.elf 
arm-none-eabi-objdump -h -S  PMIK-zegar.elf  > "PMIK-zegar.list"
   text	   data	    bss	    dec	    hex	filename
  28408	    316	   2236	  30960	   78f0	PMIK-zegar.elf
Finished building: default.size.stdout
 
Finished building: PMIK-zegar.list
 
19:58:18 **** Incremental Build of configuration Debug for project PMIK-zegar ****
make -j12 all 
arm-none-eabi-size   PMIK-zegar.elf 
   text	   data	    bss	    dec	    hex	filename
  28408	    316	   2236	  30960	   78f0	PMIK-zegar.elf
Finished building: default.size.stdout
 
19:59:47 **** Incremental Build of configuration Debug for project PMIK-zegar ****
make -j12 all 
arm-none-eabi-gcc "../Core/Src/main.c" -mcpu=cortex-m0plus -std=gnu11 -g3 -DDEBUG -DUSE_HAL_DRIVER -DSTM32L073xx -c -I../Core/Inc -I../Drivers/STM32L0xx_HAL_Driver/Inc -I../Drivers/STM32L0xx_HAL_Driver/Inc/Legacy -I../Drivers/CMSIS/Device/ST/STM32L0xx/Include -I../Drivers/CMSIS/Include -I../FATFS/Target -I../FATFS/App -I../Middlewares/Third_Party/FatFs/src -O0 -ffunction-sections -fdata-sections -Wall -fstack-usage -fcyclomatic-complexity -MMD -MP -MF"Core/Src/main.d" -MT"Core/Src/main.o" --specs=nano.specs -mfloat-abi=soft -mthumb -o "Core/Src/main.o"
arm-none-eabi-gcc "../Core/Src/stm32l0xx_it.c" -mcpu=cortex-m0plus -std=gnu11 -g3 -DDEBUG -DUSE_HAL_DRIVER -DSTM32L073xx -c -I../Core/Inc -I../Drivers/STM32L0xx_HAL_Driver/Inc -I../Drivers/STM32L0xx_HAL_Driver/Inc/Legacy -I../Drivers/CMSIS/Device/ST/STM32L0xx/Include -I../Drivers/CMSIS/Include -I../FATFS/Target -I../FATFS/App -I../Middlewares/Third_Party/FatFs/src -O0 -ffunction-sections -fdata-sections -Wall -fstack-usage -fcyclomatic-complexity -MMD -MP -MF"Core/Src/stm32l0xx_it.d" -MT"Core/Src/stm32l0xx_it.o" --specs=nano.specs -mfloat-abi=soft -mthumb -o "Core/Src/stm32l0xx_it.o"
In file included from ../Core/Src/stm32l0xx_it.c:25:
../Core/Inc/game.h:52:9: warning: extra tokens at end of #endif directive [-Wendif-labels]
   52 | #endif  INC_GAME_H_
      |         ^~~~~~~~~~~
../Core/Src/stm32l0xx_it.c: In function 'EXTI2_3_IRQHandler':
../Core/Src/stm32l0xx_it.c:192:10: warning: implicit declaration of function 'MAX7219_PutString'; did you mean 'MAX7219_CS_Pin'? [-Wimplicit-function-declaration]
  192 |          MAX7219_PutString(0, printString); // display string
      |          ^~~~~~~~~~~~~~~~~
      |          MAX7219_CS_Pin
../Core/Src/main.c: In function 'main':
../Core/Src/main.c:108:3: warning: implicit declaration of function 'initialise_monitor_handles' [-Wimplicit-function-declaration]
  108 |   initialise_monitor_handles(); //semihosting
      |   ^~~~~~~~~~~~~~~~~~~~~~~~~~
../Core/Src/main.c:137:51: warning: implicit declaration of function 'strlen' [-Wimplicit-function-declaration]
  137 |    HAL_UART_Transmit(&huart1, (uint8_t*) message, strlen(message), HAL_MAX_DELAY);
      |                                                   ^~~~~~
../Core/Src/main.c:137:51: warning: incompatible implicit declaration of built-in function 'strlen'
../Core/Src/main.c:23:1: note: include '<string.h>' or provide a declaration of 'strlen'
   22 | #include "max7219_digits.h"
  +++ |+#include <string.h>
   23 | /* USER CODE END Includes */
arm-none-eabi-gcc -o "PMIK-zegar.elf" @"objects.list"  -lrdimon -mcpu=cortex-m0plus -T"C:\Users\kajet\Desktop\pmik-clean\pmik23l_klimaszewski_lachanski\PMIK-projekt\PMIK-zegar\STM32L073RZTX_FLASH.ld" --specs=nosys.specs -Wl,-Map="PMIK-zegar.map" -Wl,--gc-sections -static -specs=rdimon.specs --specs=nano.specs -mfloat-abi=soft -mthumb -Wl,--start-group -lc -lm -Wl,--end-group
Finished building target: PMIK-zegar.elf
 
arm-none-eabi-size   PMIK-zegar.elf 
arm-none-eabi-objdump -h -S  PMIK-zegar.elf  > "PMIK-zegar.list"
   text	   data	    bss	    dec	    hex	filename
  28408	    316	   2236	  30960	   78f0	PMIK-zegar.elf
Finished building: default.size.stdout
 
Finished building: PMIK-zegar.list
 
20:02:13 **** Incremental Build of configuration Debug for project PMIK-zegar ****
make -j12 all 
arm-none-eabi-gcc "../Core/Src/main.c" -mcpu=cortex-m0plus -std=gnu11 -g3 -DDEBUG -DUSE_HAL_DRIVER -DSTM32L073xx -c -I../Core/Inc -I../Drivers/STM32L0xx_HAL_Driver/Inc -I../Drivers/STM32L0xx_HAL_Driver/Inc/Legacy -I../Drivers/CMSIS/Device/ST/STM32L0xx/Include -I../Drivers/CMSIS/Include -I../FATFS/Target -I../FATFS/App -I../Middlewares/Third_Party/FatFs/src -O0 -ffunction-sections -fdata-sections -Wall -fstack-usage -fcyclomatic-complexity -MMD -MP -MF"Core/Src/main.d" -MT"Core/Src/main.o" --specs=nano.specs -mfloat-abi=soft -mthumb -o "Core/Src/main.o"
arm-none-eabi-gcc "../Core/Src/stm32l0xx_it.c" -mcpu=cortex-m0plus -std=gnu11 -g3 -DDEBUG -DUSE_HAL_DRIVER -DSTM32L073xx -c -I../Core/Inc -I../Drivers/STM32L0xx_HAL_Driver/Inc -I../Drivers/STM32L0xx_HAL_Driver/Inc/Legacy -I../Drivers/CMSIS/Device/ST/STM32L0xx/Include -I../Drivers/CMSIS/Include -I../FATFS/Target -I../FATFS/App -I../Middlewares/Third_Party/FatFs/src -O0 -ffunction-sections -fdata-sections -Wall -fstack-usage -fcyclomatic-complexity -MMD -MP -MF"Core/Src/stm32l0xx_it.d" -MT"Core/Src/stm32l0xx_it.o" --specs=nano.specs -mfloat-abi=soft -mthumb -o "Core/Src/stm32l0xx_it.o"
In file included from ../Core/Src/stm32l0xx_it.c:25:
../Core/Inc/game.h:52:9: warning: extra tokens at end of #endif directive [-Wendif-labels]
   52 | #endif  INC_GAME_H_
      |         ^~~~~~~~~~~
../Core/Src/stm32l0xx_it.c: In function 'EXTI2_3_IRQHandler':
../Core/Src/stm32l0xx_it.c:193:10: warning: implicit declaration of function 'MAX7219_PutString'; did you mean 'MAX7219_CS_Pin'? [-Wimplicit-function-declaration]
  193 |          MAX7219_PutString(0, printString); // display string
      |          ^~~~~~~~~~~~~~~~~
      |          MAX7219_CS_Pin
../Core/Src/main.c: In function 'main':
../Core/Src/main.c:107:3: warning: implicit declaration of function 'initialise_monitor_handles' [-Wimplicit-function-declaration]
  107 |   initialise_monitor_handles(); //semihosting
      |   ^~~~~~~~~~~~~~~~~~~~~~~~~~
arm-none-eabi-gcc -o "PMIK-zegar.elf" @"objects.list"  -lrdimon -mcpu=cortex-m0plus -T"C:\Users\kajet\Desktop\pmik-clean\pmik23l_klimaszewski_lachanski\PMIK-projekt\PMIK-zegar\STM32L073RZTX_FLASH.ld" --specs=nosys.specs -Wl,-Map="PMIK-zegar.map" -Wl,--gc-sections -static -specs=rdimon.specs --specs=nano.specs -mfloat-abi=soft -mthumb -Wl,--start-group -lc -lm -Wl,--end-group
d:\cubeide\stm32cubeide_1.12.1\stm32cubeide\plugins\com.st.stm32cube.ide.mcu.externaltools.gnu-tools-for-stm32.10.3-2021.10.win32_1.0.200.202301161003\tools\arm-none-eabi\bin\ld.exe: ./Core/Src/main.o: in function `MX_USART1_UART_Init':
C:/Users/kajet/Desktop/pmik-clean/pmik23l_klimaszewski_lachanski/PMIK-projekt/PMIK-zegar/Debug/../Core/Src/main.c:387: undefined reference to `huart1'
d:\cubeide\stm32cubeide_1.12.1\stm32cubeide\plugins\com.st.stm32cube.ide.mcu.externaltools.gnu-tools-for-stm32.10.3-2021.10.win32_1.0.200.202301161003\tools\arm-none-eabi\bin\ld.exe: ./Core/Src/stm32l0xx_it.o: in function `TIM2_IRQHandler':
C:/Users/kajet/Desktop/pmik-clean/pmik23l_klimaszewski_lachanski/PMIK-projekt/PMIK-zegar/Debug/../Core/Src/stm32l0xx_it.c:239: undefined reference to `huart1'
collect2.exe: error: ld returned 1 exit status
make: *** [makefile:68: PMIK-zegar.elf] Error 1
"make -j12 all" terminated with exit code 2. Build might be incomplete.
20:02:45 **** Incremental Build of configuration Debug for project PMIK-zegar ****
make -j12 all 
arm-none-eabi-gcc -o "PMIK-zegar.elf" @"objects.list"  -lrdimon -mcpu=cortex-m0plus -T"C:\Users\kajet\Desktop\pmik-clean\pmik23l_klimaszewski_lachanski\PMIK-projekt\PMIK-zegar\STM32L073RZTX_FLASH.ld" --specs=nosys.specs -Wl,-Map="PMIK-zegar.map" -Wl,--gc-sections -static -specs=rdimon.specs --specs=nano.specs -mfloat-abi=soft -mthumb -Wl,--start-group -lc -lm -Wl,--end-group
d:\cubeide\stm32cubeide_1.12.1\stm32cubeide\plugins\com.st.stm32cube.ide.mcu.externaltools.gnu-tools-for-stm32.10.3-2021.10.win32_1.0.200.202301161003\tools\arm-none-eabi\bin\ld.exe: ./Core/Src/main.o: in function `MX_USART1_UART_Init':
C:/Users/kajet/Desktop/pmik-clean/pmik23l_klimaszewski_lachanski/PMIK-projekt/PMIK-zegar/Debug/../Core/Src/main.c:387: undefined reference to `huart1'
d:\cubeide\stm32cubeide_1.12.1\stm32cubeide\plugins\com.st.stm32cube.ide.mcu.externaltools.gnu-tools-for-stm32.10.3-2021.10.win32_1.0.200.202301161003\tools\arm-none-eabi\bin\ld.exe: ./Core/Src/stm32l0xx_it.o: in function `TIM2_IRQHandler':
C:/Users/kajet/Desktop/pmik-clean/pmik23l_klimaszewski_lachanski/PMIK-projekt/PMIK-zegar/Debug/../Core/Src/stm32l0xx_it.c:239: undefined reference to `huart1'
collect2.exe: error: ld returned 1 exit status
make: *** [makefile:68: PMIK-zegar.elf] Error 1
"make -j12 all" terminated with exit code 2. Build might be incomplete.
20:04:03 **** Incremental Build of configuration Debug for project PMIK-zegar ****
make -j12 all 
arm-none-eabi-gcc -o "PMIK-zegar.elf" @"objects.list"  -lrdimon -mcpu=cortex-m0plus -T"C:\Users\kajet\Desktop\pmik-clean\pmik23l_klimaszewski_lachanski\PMIK-projekt\PMIK-zegar\STM32L073RZTX_FLASH.ld" --specs=nosys.specs -Wl,-Map="PMIK-zegar.map" -Wl,--gc-sections -static -specs=rdimon.specs --specs=nano.specs -mfloat-abi=soft -mthumb -Wl,--start-group -lc -lm -Wl,--end-group
d:\cubeide\stm32cubeide_1.12.1\stm32cubeide\plugins\com.st.stm32cube.ide.mcu.externaltools.gnu-tools-for-stm32.10.3-2021.10.win32_1.0.200.202301161003\tools\arm-none-eabi\bin\ld.exe: ./Core/Src/main.o: in function `MX_USART1_UART_Init':
C:/Users/kajet/Desktop/pmik-clean/pmik23l_klimaszewski_lachanski/PMIK-projekt/PMIK-zegar/Debug/../Core/Src/main.c:387: undefined reference to `huart1'
d:\cubeide\stm32cubeide_1.12.1\stm32cubeide\plugins\com.st.stm32cube.ide.mcu.externaltools.gnu-tools-for-stm32.10.3-2021.10.win32_1.0.200.202301161003\tools\arm-none-eabi\bin\ld.exe: ./Core/Src/stm32l0xx_it.o: in function `TIM2_IRQHandler':
C:/Users/kajet/Desktop/pmik-clean/pmik23l_klimaszewski_lachanski/PMIK-projekt/PMIK-zegar/Debug/../Core/Src/stm32l0xx_it.c:239: undefined reference to `huart1'
collect2.exe: error: ld returned 1 exit status
make: *** [makefile:68: PMIK-zegar.elf] Error 1
"make -j12 all" terminated with exit code 2. Build might be incomplete.
20:04:14 **** Incremental Build of configuration Debug for project PMIK-zegar ****
make -j12 all 
arm-none-eabi-gcc "../Core/Src/main.c" -mcpu=cortex-m0plus -std=gnu11 -g3 -DDEBUG -DUSE_HAL_DRIVER -DSTM32L073xx -c -I../Core/Inc -I../Drivers/STM32L0xx_HAL_Driver/Inc -I../Drivers/STM32L0xx_HAL_Driver/Inc/Legacy -I../Drivers/CMSIS/Device/ST/STM32L0xx/Include -I../Drivers/CMSIS/Include -I../FATFS/Target -I../FATFS/App -I../Middlewares/Third_Party/FatFs/src -O0 -ffunction-sections -fdata-sections -Wall -fstack-usage -fcyclomatic-complexity -MMD -MP -MF"Core/Src/main.d" -MT"Core/Src/main.o" --specs=nano.specs -mfloat-abi=soft -mthumb -o "Core/Src/main.o"
../Core/Src/main.c: In function 'main':
../Core/Src/main.c:107:3: warning: implicit declaration of function 'initialise_monitor_handles' [-Wimplicit-function-declaration]
  107 |   initialise_monitor_handles(); //semihosting
      |   ^~~~~~~~~~~~~~~~~~~~~~~~~~
arm-none-eabi-gcc -o "PMIK-zegar.elf" @"objects.list"  -lrdimon -mcpu=cortex-m0plus -T"C:\Users\kajet\Desktop\pmik-clean\pmik23l_klimaszewski_lachanski\PMIK-projekt\PMIK-zegar\STM32L073RZTX_FLASH.ld" --specs=nosys.specs -Wl,-Map="PMIK-zegar.map" -Wl,--gc-sections -static -specs=rdimon.specs --specs=nano.specs -mfloat-abi=soft -mthumb -Wl,--start-group -lc -lm -Wl,--end-group
Finished building target: PMIK-zegar.elf
 
arm-none-eabi-size   PMIK-zegar.elf 
arm-none-eabi-objdump -h -S  PMIK-zegar.elf  > "PMIK-zegar.list"
   text	   data	    bss	    dec	    hex	filename
  28408	    316	   2236	  30960	   78f0	PMIK-zegar.elf
Finished building: default.size.stdout
 
Finished building: PMIK-zegar.list
 
20:04:45 **** Incremental Build of configuration Debug for project PMIK-zegar ****
make -j12 all 
arm-none-eabi-size   PMIK-zegar.elf 
   text	   data	    bss	    dec	    hex	filename
  28408	    316	   2236	  30960	   78f0	PMIK-zegar.elf
Finished building: default.size.stdout
 
20:06:50 **** Incremental Build of configuration Debug for project PMIK-zegar ****
make -j12 all 
arm-none-eabi-gcc "../Core/Src/main.c" -mcpu=cortex-m0plus -std=gnu11 -g3 -DDEBUG -DUSE_HAL_DRIVER -DSTM32L073xx -c -I../Core/Inc -I../Drivers/STM32L0xx_HAL_Driver/Inc -I../Drivers/STM32L0xx_HAL_Driver/Inc/Legacy -I../Drivers/CMSIS/Device/ST/STM32L0xx/Include -I../Drivers/CMSIS/Include -I../FATFS/Target -I../FATFS/App -I../Middlewares/Third_Party/FatFs/src -O0 -ffunction-sections -fdata-sections -Wall -fstack-usage -fcyclomatic-complexity -MMD -MP -MF"Core/Src/main.d" -MT"Core/Src/main.o" --specs=nano.specs -mfloat-abi=soft -mthumb -o "Core/Src/main.o"
arm-none-eabi-gcc "../Core/Src/stm32l0xx_it.c" -mcpu=cortex-m0plus -std=gnu11 -g3 -DDEBUG -DUSE_HAL_DRIVER -DSTM32L073xx -c -I../Core/Inc -I../Drivers/STM32L0xx_HAL_Driver/Inc -I../Drivers/STM32L0xx_HAL_Driver/Inc/Legacy -I../Drivers/CMSIS/Device/ST/STM32L0xx/Include -I../Drivers/CMSIS/Include -I../FATFS/Target -I../FATFS/App -I../Middlewares/Third_Party/FatFs/src -O0 -ffunction-sections -fdata-sections -Wall -fstack-usage -fcyclomatic-complexity -MMD -MP -MF"Core/Src/stm32l0xx_it.d" -MT"Core/Src/stm32l0xx_it.o" --specs=nano.specs -mfloat-abi=soft -mthumb -o "Core/Src/stm32l0xx_it.o"
In file included from ../Core/Src/stm32l0xx_it.c:25:
../Core/Inc/game.h:52:9: warning: extra tokens at end of #endif directive [-Wendif-labels]
   52 | #endif  INC_GAME_H_
      |         ^~~~~~~~~~~
../Core/Src/stm32l0xx_it.c: In function 'EXTI2_3_IRQHandler':
../Core/Src/stm32l0xx_it.c:193:10: warning: implicit declaration of function 'MAX7219_PutString'; did you mean 'MAX7219_CS_Pin'? [-Wimplicit-function-declaration]
  193 |          MAX7219_PutString(0, printString); // display string
      |          ^~~~~~~~~~~~~~~~~
      |          MAX7219_CS_Pin
../Core/Src/main.c: In function 'main':
../Core/Src/main.c:108:3: warning: implicit declaration of function 'initialise_monitor_handles' [-Wimplicit-function-declaration]
  108 |   initialise_monitor_handles(); //semihosting
      |   ^~~~~~~~~~~~~~~~~~~~~~~~~~
../Core/Src/main.c:137:51: warning: implicit declaration of function 'strlen' [-Wimplicit-function-declaration]
  137 |    HAL_UART_Transmit(&huart1, (uint8_t*) message, strlen(message), HAL_MAX_DELAY);
      |                                                   ^~~~~~
../Core/Src/main.c:137:51: warning: incompatible implicit declaration of built-in function 'strlen'
../Core/Src/main.c:23:1: note: include '<string.h>' or provide a declaration of 'strlen'
   22 | #include "max7219_digits.h"
  +++ |+#include <string.h>
   23 | /* USER CODE END Includes */
arm-none-eabi-gcc -o "PMIK-zegar.elf" @"objects.list"  -lrdimon -mcpu=cortex-m0plus -T"C:\Users\kajet\Desktop\pmik-clean\pmik23l_klimaszewski_lachanski\PMIK-projekt\PMIK-zegar\STM32L073RZTX_FLASH.ld" --specs=nosys.specs -Wl,-Map="PMIK-zegar.map" -Wl,--gc-sections -static -specs=rdimon.specs --specs=nano.specs -mfloat-abi=soft -mthumb -Wl,--start-group -lc -lm -Wl,--end-group
Finished building target: PMIK-zegar.elf
 
arm-none-eabi-size   PMIK-zegar.elf 
arm-none-eabi-objdump -h -S  PMIK-zegar.elf  > "PMIK-zegar.list"
   text	   data	    bss	    dec	    hex	filename
  28408	    316	   2236	  30960	   78f0	PMIK-zegar.elf
Finished building: default.size.stdout
 
Finished building: PMIK-zegar.list
 
20:11:41 **** Incremental Build of configuration Debug for project PMIK-zegar ****
make -j12 all 
arm-none-eabi-gcc "../Core/Src/main.c" -mcpu=cortex-m0plus -std=gnu11 -g3 -DDEBUG -DUSE_HAL_DRIVER -DSTM32L073xx -c -I../Core/Inc -I../Drivers/STM32L0xx_HAL_Driver/Inc -I../Drivers/STM32L0xx_HAL_Driver/Inc/Legacy -I../Drivers/CMSIS/Device/ST/STM32L0xx/Include -I../Drivers/CMSIS/Include -I../FATFS/Target -I../FATFS/App -I../Middlewares/Third_Party/FatFs/src -O0 -ffunction-sections -fdata-sections -Wall -fstack-usage -fcyclomatic-complexity -MMD -MP -MF"Core/Src/main.d" -MT"Core/Src/main.o" --specs=nano.specs -mfloat-abi=soft -mthumb -o "Core/Src/main.o"
arm-none-eabi-gcc "../Core/Src/stm32l0xx_it.c" -mcpu=cortex-m0plus -std=gnu11 -g3 -DDEBUG -DUSE_HAL_DRIVER -DSTM32L073xx -c -I../Core/Inc -I../Drivers/STM32L0xx_HAL_Driver/Inc -I../Drivers/STM32L0xx_HAL_Driver/Inc/Legacy -I../Drivers/CMSIS/Device/ST/STM32L0xx/Include -I../Drivers/CMSIS/Include -I../FATFS/Target -I../FATFS/App -I../Middlewares/Third_Party/FatFs/src -O0 -ffunction-sections -fdata-sections -Wall -fstack-usage -fcyclomatic-complexity -MMD -MP -MF"Core/Src/stm32l0xx_it.d" -MT"Core/Src/stm32l0xx_it.o" --specs=nano.specs -mfloat-abi=soft -mthumb -o "Core/Src/stm32l0xx_it.o"
In file included from ../Core/Src/stm32l0xx_it.c:25:
../Core/Inc/game.h:52:9: warning: extra tokens at end of #endif directive [-Wendif-labels]
   52 | #endif  INC_GAME_H_
      |         ^~~~~~~~~~~
../Core/Src/stm32l0xx_it.c: In function 'EXTI2_3_IRQHandler':
../Core/Src/main.c: In function 'main':
../Core/Src/stm32l0xx_it.c:193:10: warning: implicit declaration of function 'MAX7219_PutString'; did you mean 'MAX7219_CS_Pin'? [-Wimplicit-function-declaration]
  193 |          MAX7219_PutString(0, printString); // display string
      |          ^~~~~~~~~~~~~~~~~
      |          MAX7219_CS_Pin
../Core/Src/main.c:108:3: warning: implicit declaration of function 'initialise_monitor_handles' [-Wimplicit-function-declaration]
  108 |   initialise_monitor_handles(); //semihosting
      |   ^~~~~~~~~~~~~~~~~~~~~~~~~~
../Core/Src/main.c:137:49: warning: implicit declaration of function 'strlen' [-Wimplicit-function-declaration]
  137 |  HAL_UART_Transmit(&huart1, (uint8_t*) message, strlen(message), HAL_MAX_DELAY);
      |                                                 ^~~~~~
../Core/Src/main.c:137:49: warning: incompatible implicit declaration of built-in function 'strlen'
../Core/Src/main.c:23:1: note: include '<string.h>' or provide a declaration of 'strlen'
   22 | #include "max7219_digits.h"
  +++ |+#include <string.h>
   23 | /* USER CODE END Includes */
arm-none-eabi-gcc -o "PMIK-zegar.elf" @"objects.list"  -lrdimon -mcpu=cortex-m0plus -T"C:\Users\kajet\Desktop\pmik-clean\pmik23l_klimaszewski_lachanski\PMIK-projekt\PMIK-zegar\STM32L073RZTX_FLASH.ld" --specs=nosys.specs -Wl,-Map="PMIK-zegar.map" -Wl,--gc-sections -static -specs=rdimon.specs --specs=nano.specs -mfloat-abi=soft -mthumb -Wl,--start-group -lc -lm -Wl,--end-group
Finished building target: PMIK-zegar.elf
 
arm-none-eabi-size   PMIK-zegar.elf 
arm-none-eabi-objdump -h -S  PMIK-zegar.elf  > "PMIK-zegar.list"
   text	   data	    bss	    dec	    hex	filename
  28408	    316	   2236	  30960	   78f0	PMIK-zegar.elf
Finished building: default.size.stdout
 
Finished building: PMIK-zegar.list
 
20:13:07 **** Incremental Build of configuration Debug for project PMIK-zegar ****
make -j12 all 
arm-none-eabi-gcc "../Core/Src/main.c" -mcpu=cortex-m0plus -std=gnu11 -g3 -DDEBUG -DUSE_HAL_DRIVER -DSTM32L073xx -c -I../Core/Inc -I../Drivers/STM32L0xx_HAL_Driver/Inc -I../Drivers/STM32L0xx_HAL_Driver/Inc/Legacy -I../Drivers/CMSIS/Device/ST/STM32L0xx/Include -I../Drivers/CMSIS/Include -I../FATFS/Target -I../FATFS/App -I../Middlewares/Third_Party/FatFs/src -O0 -ffunction-sections -fdata-sections -Wall -fstack-usage -fcyclomatic-complexity -MMD -MP -MF"Core/Src/main.d" -MT"Core/Src/main.o" --specs=nano.specs -mfloat-abi=soft -mthumb -o "Core/Src/main.o"
../Core/Src/main.c: In function 'main':
../Core/Src/main.c:108:3: warning: implicit declaration of function 'initialise_monitor_handles' [-Wimplicit-function-declaration]
  108 |   initialise_monitor_handles(); //semihosting
      |   ^~~~~~~~~~~~~~~~~~~~~~~~~~
../Core/Src/main.c:137:49: warning: implicit declaration of function 'strlen' [-Wimplicit-function-declaration]
  137 |  HAL_UART_Transmit(&huart1, (uint8_t*) message, strlen(message), HAL_MAX_DELAY);
      |                                                 ^~~~~~
../Core/Src/main.c:137:49: warning: incompatible implicit declaration of built-in function 'strlen'
../Core/Src/main.c:23:1: note: include '<string.h>' or provide a declaration of 'strlen'
   22 | #include "max7219_digits.h"
  +++ |+#include <string.h>
   23 | /* USER CODE END Includes */
arm-none-eabi-gcc -o "PMIK-zegar.elf" @"objects.list"  -lrdimon -mcpu=cortex-m0plus -T"C:\Users\kajet\Desktop\pmik-clean\pmik23l_klimaszewski_lachanski\PMIK-projekt\PMIK-zegar\STM32L073RZTX_FLASH.ld" --specs=nosys.specs -Wl,-Map="PMIK-zegar.map" -Wl,--gc-sections -static -specs=rdimon.specs --specs=nano.specs -mfloat-abi=soft -mthumb -Wl,--start-group -lc -lm -Wl,--end-group
Finished building target: PMIK-zegar.elf
 
arm-none-eabi-size   PMIK-zegar.elf 
arm-none-eabi-objdump -h -S  PMIK-zegar.elf  > "PMIK-zegar.list"
   text	   data	    bss	    dec	    hex	filename
  28408	    312	   2240	  30960	   78f0	PMIK-zegar.elf
Finished building: default.size.stdout
 
Finished building: PMIK-zegar.list
 
20:13:54 **** Incremental Build of configuration Debug for project PMIK-zegar ****
make -j12 all 
arm-none-eabi-gcc "../Core/Src/main.c" -mcpu=cortex-m0plus -std=gnu11 -g3 -DDEBUG -DUSE_HAL_DRIVER -DSTM32L073xx -c -I../Core/Inc -I../Drivers/STM32L0xx_HAL_Driver/Inc -I../Drivers/STM32L0xx_HAL_Driver/Inc/Legacy -I../Drivers/CMSIS/Device/ST/STM32L0xx/Include -I../Drivers/CMSIS/Include -I../FATFS/Target -I../FATFS/App -I../Middlewares/Third_Party/FatFs/src -O0 -ffunction-sections -fdata-sections -Wall -fstack-usage -fcyclomatic-complexity -MMD -MP -MF"Core/Src/main.d" -MT"Core/Src/main.o" --specs=nano.specs -mfloat-abi=soft -mthumb -o "Core/Src/main.o"
../Core/Src/main.c: In function 'main':
../Core/Src/main.c:108:3: warning: implicit declaration of function 'initialise_monitor_handles' [-Wimplicit-function-declaration]
  108 |   initialise_monitor_handles(); //semihosting
      |   ^~~~~~~~~~~~~~~~~~~~~~~~~~
../Core/Src/main.c:137:49: warning: implicit declaration of function 'strlen' [-Wimplicit-function-declaration]
  137 |  HAL_UART_Transmit(&huart1, (uint8_t*) message, strlen(message), HAL_MAX_DELAY);
      |                                                 ^~~~~~
../Core/Src/main.c:137:49: warning: incompatible implicit declaration of built-in function 'strlen'
../Core/Src/main.c:23:1: note: include '<string.h>' or provide a declaration of 'strlen'
   22 | #include "max7219_digits.h"
  +++ |+#include <string.h>
   23 | /* USER CODE END Includes */
arm-none-eabi-gcc -o "PMIK-zegar.elf" @"objects.list"  -lrdimon -mcpu=cortex-m0plus -T"C:\Users\kajet\Desktop\pmik-clean\pmik23l_klimaszewski_lachanski\PMIK-projekt\PMIK-zegar\STM32L073RZTX_FLASH.ld" --specs=nosys.specs -Wl,-Map="PMIK-zegar.map" -Wl,--gc-sections -static -specs=rdimon.specs --specs=nano.specs -mfloat-abi=soft -mthumb -Wl,--start-group -lc -lm -Wl,--end-group
Finished building target: PMIK-zegar.elf
 
arm-none-eabi-size   PMIK-zegar.elf 
arm-none-eabi-objdump -h -S  PMIK-zegar.elf  > "PMIK-zegar.list"
   text	   data	    bss	    dec	    hex	filename
  28420	    312	   2240	  30972	   78fc	PMIK-zegar.elf
Finished building: default.size.stdout
 
Finished building: PMIK-zegar.list
 
20:15:58 **** Incremental Build of configuration Debug for project PMIK-zegar ****
make -j12 all 
arm-none-eabi-gcc "../Core/Src/main.c" -mcpu=cortex-m0plus -std=gnu11 -g3 -DDEBUG -DUSE_HAL_DRIVER -DSTM32L073xx -c -I../Core/Inc -I../Drivers/STM32L0xx_HAL_Driver/Inc -I../Drivers/STM32L0xx_HAL_Driver/Inc/Legacy -I../Drivers/CMSIS/Device/ST/STM32L0xx/Include -I../Drivers/CMSIS/Include -I../FATFS/Target -I../FATFS/App -I../Middlewares/Third_Party/FatFs/src -O0 -ffunction-sections -fdata-sections -Wall -fstack-usage -fcyclomatic-complexity -MMD -MP -MF"Core/Src/main.d" -MT"Core/Src/main.o" --specs=nano.specs -mfloat-abi=soft -mthumb -o "Core/Src/main.o"
arm-none-eabi-gcc "../Core/Src/stm32l0xx_it.c" -mcpu=cortex-m0plus -std=gnu11 -g3 -DDEBUG -DUSE_HAL_DRIVER -DSTM32L073xx -c -I../Core/Inc -I../Drivers/STM32L0xx_HAL_Driver/Inc -I../Drivers/STM32L0xx_HAL_Driver/Inc/Legacy -I../Drivers/CMSIS/Device/ST/STM32L0xx/Include -I../Drivers/CMSIS/Include -I../FATFS/Target -I../FATFS/App -I../Middlewares/Third_Party/FatFs/src -O0 -ffunction-sections -fdata-sections -Wall -fstack-usage -fcyclomatic-complexity -MMD -MP -MF"Core/Src/stm32l0xx_it.d" -MT"Core/Src/stm32l0xx_it.o" --specs=nano.specs -mfloat-abi=soft -mthumb -o "Core/Src/stm32l0xx_it.o"
In file included from ../Core/Src/stm32l0xx_it.c:25:
../Core/Inc/game.h:52:9: warning: extra tokens at end of #endif directive [-Wendif-labels]
   52 | #endif  INC_GAME_H_
      |         ^~~~~~~~~~~
../Core/Src/stm32l0xx_it.c: In function 'EXTI2_3_IRQHandler':
../Core/Src/stm32l0xx_it.c:193:10: warning: implicit declaration of function 'MAX7219_PutString'; did you mean 'MAX7219_CS_Pin'? [-Wimplicit-function-declaration]
  193 |          MAX7219_PutString(0, printString); // display string
      |          ^~~~~~~~~~~~~~~~~
      |          MAX7219_CS_Pin
../Core/Src/stm32l0xx_it.c: In function 'TIM2_IRQHandler':
../Core/Src/stm32l0xx_it.c:237:66: error: expected expression before '?' token
  237 |   HAL_UART_Transmit(&huart1, (uint8_t*) message, strlen(message),? HAL_MAX_DELAY);
      |                                                                  ^
../Core/Src/main.c: In function 'main':
../Core/Src/main.c:108:3: warning: implicit declaration of function 'initialise_monitor_handles' [-Wimplicit-function-declaration]
  108 |   initialise_monitor_handles(); //semihosting
      |   ^~~~~~~~~~~~~~~~~~~~~~~~~~
make: *** [Core/Src/subdir.mk:40: Core/Src/stm32l0xx_it.o] Error 1
make: *** Waiting for unfinished jobs....
"make -j12 all" terminated with exit code 2. Build might be incomplete.
20:16:21 **** Incremental Build of configuration Debug for project PMIK-zegar ****
make -j12 all 
arm-none-eabi-gcc "../Core/Src/stm32l0xx_it.c" -mcpu=cortex-m0plus -std=gnu11 -g3 -DDEBUG -DUSE_HAL_DRIVER -DSTM32L073xx -c -I../Core/Inc -I../Drivers/STM32L0xx_HAL_Driver/Inc -I../Drivers/STM32L0xx_HAL_Driver/Inc/Legacy -I../Drivers/CMSIS/Device/ST/STM32L0xx/Include -I../Drivers/CMSIS/Include -I../FATFS/Target -I../FATFS/App -I../Middlewares/Third_Party/FatFs/src -O0 -ffunction-sections -fdata-sections -Wall -fstack-usage -fcyclomatic-complexity -MMD -MP -MF"Core/Src/stm32l0xx_it.d" -MT"Core/Src/stm32l0xx_it.o" --specs=nano.specs -mfloat-abi=soft -mthumb -o "Core/Src/stm32l0xx_it.o"
In file included from ../Core/Src/stm32l0xx_it.c:25:
../Core/Inc/game.h:52:9: warning: extra tokens at end of #endif directive [-Wendif-labels]
   52 | #endif  INC_GAME_H_
      |         ^~~~~~~~~~~
../Core/Src/stm32l0xx_it.c: In function 'EXTI2_3_IRQHandler':
../Core/Src/stm32l0xx_it.c:193:10: warning: implicit declaration of function 'MAX7219_PutString'; did you mean 'MAX7219_CS_Pin'? [-Wimplicit-function-declaration]
  193 |          MAX7219_PutString(0, printString); // display string
      |          ^~~~~~~~~~~~~~~~~
      |          MAX7219_CS_Pin
arm-none-eabi-gcc -o "PMIK-zegar.elf" @"objects.list"  -lrdimon -mcpu=cortex-m0plus -T"C:\Users\kajet\Desktop\pmik-clean\pmik23l_klimaszewski_lachanski\PMIK-projekt\PMIK-zegar\STM32L073RZTX_FLASH.ld" --specs=nosys.specs -Wl,-Map="PMIK-zegar.map" -Wl,--gc-sections -static -specs=rdimon.specs --specs=nano.specs -mfloat-abi=soft -mthumb -Wl,--start-group -lc -lm -Wl,--end-group
d:\cubeide\stm32cubeide_1.12.1\stm32cubeide\plugins\com.st.stm32cube.ide.mcu.externaltools.gnu-tools-for-stm32.10.3-2021.10.win32_1.0.200.202301161003\tools\arm-none-eabi\bin\ld.exe: ./Core/Src/stm32l0xx_it.o:C:/Users/kajet/Desktop/pmik-clean/pmik23l_klimaszewski_lachanski/PMIK-projekt/PMIK-zegar/Debug/../Core/Src/stm32l0xx_it.c:49: multiple definition of `message'; ./Core/Src/main.o:C:/Users/kajet/Desktop/pmik-clean/pmik23l_klimaszewski_lachanski/PMIK-projekt/PMIK-zegar/Debug/../Core/Src/main.c:35: first defined here
collect2.exe: error: ld returned 1 exit status
make: *** [makefile:68: PMIK-zegar.elf] Error 1
"make -j12 all" terminated with exit code 2. Build might be incomplete.
20:16:43 **** Incremental Build of configuration Debug for project PMIK-zegar ****
make -j12 all 
arm-none-eabi-gcc "../Core/Src/main.c" -mcpu=cortex-m0plus -std=gnu11 -g3 -DDEBUG -DUSE_HAL_DRIVER -DSTM32L073xx -c -I../Core/Inc -I../Drivers/STM32L0xx_HAL_Driver/Inc -I../Drivers/STM32L0xx_HAL_Driver/Inc/Legacy -I../Drivers/CMSIS/Device/ST/STM32L0xx/Include -I../Drivers/CMSIS/Include -I../FATFS/Target -I../FATFS/App -I../Middlewares/Third_Party/FatFs/src -O0 -ffunction-sections -fdata-sections -Wall -fstack-usage -fcyclomatic-complexity -MMD -MP -MF"Core/Src/main.d" -MT"Core/Src/main.o" --specs=nano.specs -mfloat-abi=soft -mthumb -o "Core/Src/main.o"
../Core/Src/main.c: In function 'main':
../Core/Src/main.c:108:3: warning: implicit declaration of function 'initialise_monitor_handles' [-Wimplicit-function-declaration]
  108 |   initialise_monitor_handles(); //semihosting
      |   ^~~~~~~~~~~~~~~~~~~~~~~~~~
arm-none-eabi-gcc -o "PMIK-zegar.elf" @"objects.list"  -lrdimon -mcpu=cortex-m0plus -T"C:\Users\kajet\Desktop\pmik-clean\pmik23l_klimaszewski_lachanski\PMIK-projekt\PMIK-zegar\STM32L073RZTX_FLASH.ld" --specs=nosys.specs -Wl,-Map="PMIK-zegar.map" -Wl,--gc-sections -static -specs=rdimon.specs --specs=nano.specs -mfloat-abi=soft -mthumb -Wl,--start-group -lc -lm -Wl,--end-group
Finished building target: PMIK-zegar.elf
 
arm-none-eabi-size   PMIK-zegar.elf 
arm-none-eabi-objdump -h -S  PMIK-zegar.elf  > "PMIK-zegar.list"
   text	   data	    bss	    dec	    hex	filename
  28408	    316	   2236	  30960	   78f0	PMIK-zegar.elf
Finished building: default.size.stdout
 
Finished building: PMIK-zegar.list
 
20:20:16 **** Incremental Build of configuration Debug for project PMIK-zegar ****
make -j12 all 
arm-none-eabi-gcc "../Core/Src/stm32l0xx_it.c" -mcpu=cortex-m0plus -std=gnu11 -g3 -DDEBUG -DUSE_HAL_DRIVER -DSTM32L073xx -c -I../Core/Inc -I../Drivers/STM32L0xx_HAL_Driver/Inc -I../Drivers/STM32L0xx_HAL_Driver/Inc/Legacy -I../Drivers/CMSIS/Device/ST/STM32L0xx/Include -I../Drivers/CMSIS/Include -I../FATFS/Target -I../FATFS/App -I../Middlewares/Third_Party/FatFs/src -O0 -ffunction-sections -fdata-sections -Wall -fstack-usage -fcyclomatic-complexity -MMD -MP -MF"Core/Src/stm32l0xx_it.d" -MT"Core/Src/stm32l0xx_it.o" --specs=nano.specs -mfloat-abi=soft -mthumb -o "Core/Src/stm32l0xx_it.o"
In file included from ../Core/Src/stm32l0xx_it.c:25:
../Core/Inc/game.h:52:9: warning: extra tokens at end of #endif directive [-Wendif-labels]
   52 | #endif  INC_GAME_H_
      |         ^~~~~~~~~~~
../Core/Src/stm32l0xx_it.c: In function 'EXTI2_3_IRQHandler':
../Core/Src/stm32l0xx_it.c:195:10: warning: implicit declaration of function 'MAX7219_PutString'; did you mean 'MAX7219_CS_Pin'? [-Wimplicit-function-declaration]
  195 |          MAX7219_PutString(0, printString); // display string
      |          ^~~~~~~~~~~~~~~~~
      |          MAX7219_CS_Pin
arm-none-eabi-gcc -o "PMIK-zegar.elf" @"objects.list"  -lrdimon -mcpu=cortex-m0plus -T"C:\Users\kajet\Desktop\pmik-clean\pmik23l_klimaszewski_lachanski\PMIK-projekt\PMIK-zegar\STM32L073RZTX_FLASH.ld" --specs=nosys.specs -Wl,-Map="PMIK-zegar.map" -Wl,--gc-sections -static -specs=rdimon.specs --specs=nano.specs -mfloat-abi=soft -mthumb -Wl,--start-group -lc -lm -Wl,--end-group
Finished building target: PMIK-zegar.elf
 
arm-none-eabi-size   PMIK-zegar.elf 
arm-none-eabi-objdump -h -S  PMIK-zegar.elf  > "PMIK-zegar.list"
   text	   data	    bss	    dec	    hex	filename
  28432	    316	   2236	  30984	   7908	PMIK-zegar.elf
Finished building: default.size.stdout
 
Finished building: PMIK-zegar.list
 
20:22:19 **** Incremental Build of configuration Debug for project PMIK-zegar ****
make -j12 all 
arm-none-eabi-gcc "../Core/Src/stm32l0xx_it.c" -mcpu=cortex-m0plus -std=gnu11 -g3 -DDEBUG -DUSE_HAL_DRIVER -DSTM32L073xx -c -I../Core/Inc -I../Drivers/STM32L0xx_HAL_Driver/Inc -I../Drivers/STM32L0xx_HAL_Driver/Inc/Legacy -I../Drivers/CMSIS/Device/ST/STM32L0xx/Include -I../Drivers/CMSIS/Include -I../FATFS/Target -I../FATFS/App -I../Middlewares/Third_Party/FatFs/src -O0 -ffunction-sections -fdata-sections -Wall -fstack-usage -fcyclomatic-complexity -MMD -MP -MF"Core/Src/stm32l0xx_it.d" -MT"Core/Src/stm32l0xx_it.o" --specs=nano.specs -mfloat-abi=soft -mthumb -o "Core/Src/stm32l0xx_it.o"
In file included from ../Core/Src/stm32l0xx_it.c:25:
../Core/Inc/game.h:52:9: warning: extra tokens at end of #endif directive [-Wendif-labels]
   52 | #endif  INC_GAME_H_
      |         ^~~~~~~~~~~
../Core/Src/stm32l0xx_it.c: In function 'EXTI0_1_IRQHandler':
../Core/Src/stm32l0xx_it.c:165:58: error: 'message' undeclared (first use in this function); did you mean 'message2'?
  165 |   HAL_UART_Transmit(&huart1, (uint8_t*) message1, strlen(message), HAL_MAX_DELAY);
      |                                                          ^~~~~~~
      |                                                          message2
../Core/Src/stm32l0xx_it.c:165:58: note: each undeclared identifier is reported only once for each function it appears in
../Core/Src/stm32l0xx_it.c: In function 'EXTI2_3_IRQHandler':
../Core/Src/stm32l0xx_it.c:196:10: warning: implicit declaration of function 'MAX7219_PutString'; did you mean 'MAX7219_CS_Pin'? [-Wimplicit-function-declaration]
  196 |          MAX7219_PutString(0, printString); // display string
      |          ^~~~~~~~~~~~~~~~~
      |          MAX7219_CS_Pin
make: *** [Core/Src/subdir.mk:40: Core/Src/stm32l0xx_it.o] Error 1
"make -j12 all" terminated with exit code 2. Build might be incomplete.
20:22:31 **** Incremental Build of configuration Debug for project PMIK-zegar ****
make -j12 all 
arm-none-eabi-gcc "../Core/Src/stm32l0xx_it.c" -mcpu=cortex-m0plus -std=gnu11 -g3 -DDEBUG -DUSE_HAL_DRIVER -DSTM32L073xx -c -I../Core/Inc -I../Drivers/STM32L0xx_HAL_Driver/Inc -I../Drivers/STM32L0xx_HAL_Driver/Inc/Legacy -I../Drivers/CMSIS/Device/ST/STM32L0xx/Include -I../Drivers/CMSIS/Include -I../FATFS/Target -I../FATFS/App -I../Middlewares/Third_Party/FatFs/src -O0 -ffunction-sections -fdata-sections -Wall -fstack-usage -fcyclomatic-complexity -MMD -MP -MF"Core/Src/stm32l0xx_it.d" -MT"Core/Src/stm32l0xx_it.o" --specs=nano.specs -mfloat-abi=soft -mthumb -o "Core/Src/stm32l0xx_it.o"
In file included from ../Core/Src/stm32l0xx_it.c:25:
../Core/Inc/game.h:52:9: warning: extra tokens at end of #endif directive [-Wendif-labels]
   52 | #endif  INC_GAME_H_
      |         ^~~~~~~~~~~
../Core/Src/stm32l0xx_it.c: In function 'EXTI0_1_IRQHandler':
../Core/Src/stm32l0xx_it.c:165:58: error: 'message' undeclared (first use in this function); did you mean 'message2'?
  165 |   HAL_UART_Transmit(&huart1, (uint8_t*) message1, strlen(message), HAL_MAX_DELAY);
      |                                                          ^~~~~~~
      |                                                          message2
../Core/Src/stm32l0xx_it.c:165:58: note: each undeclared identifier is reported only once for each function it appears in
../Core/Src/stm32l0xx_it.c: In function 'EXTI2_3_IRQHandler':
../Core/Src/stm32l0xx_it.c:196:10: warning: implicit declaration of function 'MAX7219_PutString'; did you mean 'MAX7219_CS_Pin'? [-Wimplicit-function-declaration]
  196 |          MAX7219_PutString(0, printString); // display string
      |          ^~~~~~~~~~~~~~~~~
      |          MAX7219_CS_Pin
make: *** [Core/Src/subdir.mk:40: Core/Src/stm32l0xx_it.o] Error 1
"make -j12 all" terminated with exit code 2. Build might be incomplete.
20:23:01 **** Incremental Build of configuration Debug for project PMIK-zegar ****
make -j12 all 
arm-none-eabi-gcc "../Core/Src/stm32l0xx_it.c" -mcpu=cortex-m0plus -std=gnu11 -g3 -DDEBUG -DUSE_HAL_DRIVER -DSTM32L073xx -c -I../Core/Inc -I../Drivers/STM32L0xx_HAL_Driver/Inc -I../Drivers/STM32L0xx_HAL_Driver/Inc/Legacy -I../Drivers/CMSIS/Device/ST/STM32L0xx/Include -I../Drivers/CMSIS/Include -I../FATFS/Target -I../FATFS/App -I../Middlewares/Third_Party/FatFs/src -O0 -ffunction-sections -fdata-sections -Wall -fstack-usage -fcyclomatic-complexity -MMD -MP -MF"Core/Src/stm32l0xx_it.d" -MT"Core/Src/stm32l0xx_it.o" --specs=nano.specs -mfloat-abi=soft -mthumb -o "Core/Src/stm32l0xx_it.o"
In file included from ../Core/Src/stm32l0xx_it.c:25:
../Core/Inc/game.h:52:9: warning: extra tokens at end of #endif directive [-Wendif-labels]
   52 | #endif  INC_GAME_H_
      |         ^~~~~~~~~~~
../Core/Src/stm32l0xx_it.c: In function 'EXTI2_3_IRQHandler':
../Core/Src/stm32l0xx_it.c:196:10: warning: implicit declaration of function 'MAX7219_PutString'; did you mean 'MAX7219_CS_Pin'? [-Wimplicit-function-declaration]
  196 |          MAX7219_PutString(0, printString); // display string
      |          ^~~~~~~~~~~~~~~~~
      |          MAX7219_CS_Pin
arm-none-eabi-gcc -o "PMIK-zegar.elf" @"objects.list"  -lrdimon -mcpu=cortex-m0plus -T"C:\Users\kajet\Desktop\pmik-clean\pmik23l_klimaszewski_lachanski\PMIK-projekt\PMIK-zegar\STM32L073RZTX_FLASH.ld" --specs=nosys.specs -Wl,-Map="PMIK-zegar.map" -Wl,--gc-sections -static -specs=rdimon.specs --specs=nano.specs -mfloat-abi=soft -mthumb -Wl,--start-group -lc -lm -Wl,--end-group
Finished building target: PMIK-zegar.elf
 
arm-none-eabi-size   PMIK-zegar.elf 
arm-none-eabi-objdump -h -S  PMIK-zegar.elf  > "PMIK-zegar.list"
   text	   data	    bss	    dec	    hex	filename
  28436	    328	   2240	  31004	   791c	PMIK-zegar.elf
Finished building: default.size.stdout
 
Finished building: PMIK-zegar.list
 
20:32:13 **** Incremental Build of configuration Debug for project PMIK-zegar ****
make -j12 all 
arm-none-eabi-gcc "../Core/Src/game.c" -mcpu=cortex-m0plus -std=gnu11 -g3 -DDEBUG -DUSE_HAL_DRIVER -DSTM32L073xx -c -I../Core/Inc -I../Drivers/STM32L0xx_HAL_Driver/Inc -I../Drivers/STM32L0xx_HAL_Driver/Inc/Legacy -I../Drivers/CMSIS/Device/ST/STM32L0xx/Include -I../Drivers/CMSIS/Include -I../FATFS/Target -I../FATFS/App -I../Middlewares/Third_Party/FatFs/src -O0 -ffunction-sections -fdata-sections -Wall -fstack-usage -fcyclomatic-complexity -MMD -MP -MF"Core/Src/game.d" -MT"Core/Src/game.o" --specs=nano.specs -mfloat-abi=soft -mthumb -o "Core/Src/game.o"
arm-none-eabi-gcc "../Core/Src/main.c" -mcpu=cortex-m0plus -std=gnu11 -g3 -DDEBUG -DUSE_HAL_DRIVER -DSTM32L073xx -c -I../Core/Inc -I../Drivers/STM32L0xx_HAL_Driver/Inc -I../Drivers/STM32L0xx_HAL_Driver/Inc/Legacy -I../Drivers/CMSIS/Device/ST/STM32L0xx/Include -I../Drivers/CMSIS/Include -I../FATFS/Target -I../FATFS/App -I../Middlewares/Third_Party/FatFs/src -O0 -ffunction-sections -fdata-sections -Wall -fstack-usage -fcyclomatic-complexity -MMD -MP -MF"Core/Src/main.d" -MT"Core/Src/main.o" --specs=nano.specs -mfloat-abi=soft -mthumb -o "Core/Src/main.o"
arm-none-eabi-gcc "../Core/Src/stm32l0xx_it.c" -mcpu=cortex-m0plus -std=gnu11 -g3 -DDEBUG -DUSE_HAL_DRIVER -DSTM32L073xx -c -I../Core/Inc -I../Drivers/STM32L0xx_HAL_Driver/Inc -I../Drivers/STM32L0xx_HAL_Driver/Inc/Legacy -I../Drivers/CMSIS/Device/ST/STM32L0xx/Include -I../Drivers/CMSIS/Include -I../FATFS/Target -I../FATFS/App -I../Middlewares/Third_Party/FatFs/src -O0 -ffunction-sections -fdata-sections -Wall -fstack-usage -fcyclomatic-complexity -MMD -MP -MF"Core/Src/stm32l0xx_it.d" -MT"Core/Src/stm32l0xx_it.o" --specs=nano.specs -mfloat-abi=soft -mthumb -o "Core/Src/stm32l0xx_it.o"
In file included from ../Core/Src/game.c:8:
../Core/Inc/game.h:29:8: error: unknown type name 'UART_HandleTypeDef'
   29 | extern UART_HandleTypeDef huart1;
      |        ^~~~~~~~~~~~~~~~~~
../Core/Inc/game.h:53:9: warning: extra tokens at end of #endif directive [-Wendif-labels]
   53 | #endif  INC_GAME_H_
      |         ^~~~~~~~~~~
../Core/Src/game.c:31:1: error: unknown type name 'UART_HandleTypeDef'
   31 | UART_HandleTypeDef huart1;
      | ^~~~~~~~~~~~~~~~~~
../Core/Src/game.c: In function 'changeGameState':
../Core/Src/game.c:37:2: warning: implicit declaration of function 'strcpy' [-Wimplicit-function-declaration]
   37 |  strcpy(game.gameState, state);
      |  ^~~~~~
../Core/Src/game.c:37:2: warning: incompatible implicit declaration of built-in function 'strcpy'
../Core/Src/game.c:10:1: note: include '<string.h>' or provide a declaration of 'strcpy'
    9 | #include <stdio.h>
  +++ |+#include <string.h>
   10 | 
../Core/Src/game.c: In function 'compareGameState':
../Core/Src/game.c:43:14: warning: implicit declaration of function 'strcmp' [-Wimplicit-function-declaration]
   43 |  int dummy = strcmp(game.gameState, state); //strcmp returns 0 if input strings are equal
      |              ^~~~~~
make: *** [Core/Src/subdir.mk:40: Core/Src/game.o] Error 1
make: *** Waiting for unfinished jobs....
In file included from ../Core/Src/stm32l0xx_it.c:25:
../Core/Inc/game.h:53:9: warning: extra tokens at end of #endif directive [-Wendif-labels]
   53 | #endif  INC_GAME_H_
      |         ^~~~~~~~~~~
../Core/Src/stm32l0xx_it.c: In function 'EXTI2_3_IRQHandler':
../Core/Src/stm32l0xx_it.c:196:10: warning: implicit declaration of function 'MAX7219_PutString'; did you mean 'MAX7219_CS_Pin'? [-Wimplicit-function-declaration]
  196 |          MAX7219_PutString(0, printString); // display string
      |          ^~~~~~~~~~~~~~~~~
      |          MAX7219_CS_Pin
../Core/Src/main.c: In function 'main':
../Core/Src/main.c:108:3: warning: implicit declaration of function 'initialise_monitor_handles' [-Wimplicit-function-declaration]
  108 |   initialise_monitor_handles(); //semihosting
      |   ^~~~~~~~~~~~~~~~~~~~~~~~~~
"make -j12 all" terminated with exit code 2. Build might be incomplete.
20:38:40 **** Incremental Build of configuration Debug for project PMIK-zegar ****
make -j12 all 
arm-none-eabi-gcc "../Core/Src/game.c" -mcpu=cortex-m0plus -std=gnu11 -g3 -DDEBUG -DUSE_HAL_DRIVER -DSTM32L073xx -c -I../Core/Inc -I../Drivers/STM32L0xx_HAL_Driver/Inc -I../Drivers/STM32L0xx_HAL_Driver/Inc/Legacy -I../Drivers/CMSIS/Device/ST/STM32L0xx/Include -I../Drivers/CMSIS/Include -I../FATFS/Target -I../FATFS/App -I../Middlewares/Third_Party/FatFs/src -O0 -ffunction-sections -fdata-sections -Wall -fstack-usage -fcyclomatic-complexity -MMD -MP -MF"Core/Src/game.d" -MT"Core/Src/game.o" --specs=nano.specs -mfloat-abi=soft -mthumb -o "Core/Src/game.o"
arm-none-eabi-gcc "../Core/Src/stm32l0xx_it.c" -mcpu=cortex-m0plus -std=gnu11 -g3 -DDEBUG -DUSE_HAL_DRIVER -DSTM32L073xx -c -I../Core/Inc -I../Drivers/STM32L0xx_HAL_Driver/Inc -I../Drivers/STM32L0xx_HAL_Driver/Inc/Legacy -I../Drivers/CMSIS/Device/ST/STM32L0xx/Include -I../Drivers/CMSIS/Include -I../FATFS/Target -I../FATFS/App -I../Middlewares/Third_Party/FatFs/src -O0 -ffunction-sections -fdata-sections -Wall -fstack-usage -fcyclomatic-complexity -MMD -MP -MF"Core/Src/stm32l0xx_it.d" -MT"Core/Src/stm32l0xx_it.o" --specs=nano.specs -mfloat-abi=soft -mthumb -o "Core/Src/stm32l0xx_it.o"
In file included from ../Drivers/STM32L0xx_HAL_Driver/Inc/stm32l0xx_hal_rcc.h:1676,
                 from ../Core/Inc/stm32l0xx_hal_conf.h:188,
                 from ../Drivers/STM32L0xx_HAL_Driver/Inc/stm32l0xx_hal.h:29,
                 from ../Drivers/CMSIS/Device/ST/STM32L0xx/Include/stm32l0xx.h:255,
                 from ../Drivers/STM32L0xx_HAL_Driver/Inc/stm32l0xx_hal_def.h:29,
                 from ../Drivers/STM32L0xx_HAL_Driver/Inc/stm32l0xx_hal_uart.h:28,
                 from ../Core/Inc/game.h:7,
                 from ../Core/Src/game.c:8:
../Drivers/STM32L0xx_HAL_Driver/Inc/stm32l0xx_hal_rcc_ex.h:1957:1: error: unknown type name 'HAL_StatusTypeDef'
 1957 | HAL_StatusTypeDef HAL_RCCEx_PeriphCLKConfig(RCC_PeriphCLKInitTypeDef  *PeriphClkInit);
      | ^~~~~~~~~~~~~~~~~
In file included from ../Core/Inc/stm32l0xx_hal_conf.h:188,
                 from ../Drivers/STM32L0xx_HAL_Driver/Inc/stm32l0xx_hal.h:29,
                 from ../Drivers/CMSIS/Device/ST/STM32L0xx/Include/stm32l0xx.h:255,
                 from ../Drivers/STM32L0xx_HAL_Driver/Inc/stm32l0xx_hal_def.h:29,
                 from ../Drivers/STM32L0xx_HAL_Driver/Inc/stm32l0xx_hal_uart.h:28,
                 from ../Core/Inc/game.h:7,
                 from ../Core/Src/game.c:8:
../Drivers/STM32L0xx_HAL_Driver/Inc/stm32l0xx_hal_rcc.h:1688:1: error: unknown type name 'HAL_StatusTypeDef'
 1688 | HAL_StatusTypeDef HAL_RCC_DeInit(void);
      | ^~~~~~~~~~~~~~~~~
In file included from ../Core/Src/stm32l0xx_it.c:25:
../Core/Inc/game.h:53:9: warning: extra tokens at end of #endif directive [-Wendif-labels]
   53 | #endif  INC_GAME_H_
      |         ^~~~~~~~~~~
../Drivers/STM32L0xx_HAL_Driver/Inc/stm32l0xx_hal_rcc.h:1689:1: error: unknown type name 'HAL_StatusTypeDef'
 1689 | HAL_StatusTypeDef HAL_RCC_OscConfig(RCC_OscInitTypeDef  *RCC_OscInitStruct);
      | ^~~~~~~~~~~~~~~~~
../Drivers/STM32L0xx_HAL_Driver/Inc/stm32l0xx_hal_rcc.h:1690:1: error: unknown type name 'HAL_StatusTypeDef'
 1690 | HAL_StatusTypeDef HAL_RCC_ClockConfig(RCC_ClkInitTypeDef  *RCC_ClkInitStruct, uint32_t FLatency);
      | ^~~~~~~~~~~~~~~~~
../Core/Src/stm32l0xx_it.c: In function 'EXTI2_3_IRQHandler':
../Core/Src/stm32l0xx_it.c:196:10: warning: implicit declaration of function 'MAX7219_PutString'; did you mean 'MAX7219_CS_Pin'? [-Wimplicit-function-declaration]
  196 |          MAX7219_PutString(0, printString); // display string
      |          ^~~~~~~~~~~~~~~~~
      |          MAX7219_CS_Pin
In file included from ../Core/Inc/stm32l0xx_hal_conf.h:192,
                 from ../Drivers/STM32L0xx_HAL_Driver/Inc/stm32l0xx_hal.h:29,
                 from ../Drivers/CMSIS/Device/ST/STM32L0xx/Include/stm32l0xx.h:255,
                 from ../Drivers/STM32L0xx_HAL_Driver/Inc/stm32l0xx_hal_def.h:29,
                 from ../Drivers/STM32L0xx_HAL_Driver/Inc/stm32l0xx_hal_uart.h:28,
                 from ../Core/Inc/game.h:7,
                 from ../Core/Src/game.c:8:
../Drivers/STM32L0xx_HAL_Driver/Inc/stm32l0xx_hal_exti.h:300:1: error: unknown type name 'HAL_StatusTypeDef'
  300 | HAL_StatusTypeDef HAL_EXTI_SetConfigLine(EXTI_HandleTypeDef *hexti, EXTI_ConfigTypeDef *pExtiConfig);
      | ^~~~~~~~~~~~~~~~~
../Drivers/STM32L0xx_HAL_Driver/Inc/stm32l0xx_hal_exti.h:301:1: error: unknown type name 'HAL_StatusTypeDef'
  301 | HAL_StatusTypeDef HAL_EXTI_GetConfigLine(EXTI_HandleTypeDef *hexti, EXTI_ConfigTypeDef *pExtiConfig);
      | ^~~~~~~~~~~~~~~~~
../Drivers/STM32L0xx_HAL_Driver/Inc/stm32l0xx_hal_exti.h:302:1: error: unknown type name 'HAL_StatusTypeDef'
  302 | HAL_StatusTypeDef HAL_EXTI_ClearConfigLine(EXTI_HandleTypeDef *hexti);
      | ^~~~~~~~~~~~~~~~~
../Drivers/STM32L0xx_HAL_Driver/Inc/stm32l0xx_hal_exti.h:303:1: error: unknown type name 'HAL_StatusTypeDef'
  303 | HAL_StatusTypeDef HAL_EXTI_RegisterCallback(EXTI_HandleTypeDef *hexti, EXTI_CallbackIDTypeDef CallbackID, void (*pPendingCbfn)(void));
      | ^~~~~~~~~~~~~~~~~
../Drivers/STM32L0xx_HAL_Driver/Inc/stm32l0xx_hal_exti.h:304:1: error: unknown type name 'HAL_StatusTypeDef'
  304 | HAL_StatusTypeDef HAL_EXTI_GetHandle(EXTI_HandleTypeDef *hexti, uint32_t ExtiLine);
      | ^~~~~~~~~~~~~~~~~
In file included from ../Core/Inc/stm32l0xx_hal_conf.h:196,
                 from ../Drivers/STM32L0xx_HAL_Driver/Inc/stm32l0xx_hal.h:29,
                 from ../Drivers/CMSIS/Device/ST/STM32L0xx/Include/stm32l0xx.h:255,
                 from ../Drivers/STM32L0xx_HAL_Driver/Inc/stm32l0xx_hal_def.h:29,
                 from ../Drivers/STM32L0xx_HAL_Driver/Inc/stm32l0xx_hal_uart.h:28,
                 from ../Core/Inc/game.h:7,
                 from ../Core/Src/game.c:8:
../Drivers/STM32L0xx_HAL_Driver/Inc/stm32l0xx_hal_gpio.h:287:1: error: unknown type name 'HAL_StatusTypeDef'
  287 | HAL_StatusTypeDef HAL_GPIO_LockPin(GPIO_TypeDef *GPIOx, uint16_t GPIO_Pin);
      | ^~~~~~~~~~~~~~~~~
In file included from ../Core/Inc/stm32l0xx_hal_conf.h:200,
                 from ../Drivers/STM32L0xx_HAL_Driver/Inc/stm32l0xx_hal.h:29,
                 from ../Drivers/CMSIS/Device/ST/STM32L0xx/Include/stm32l0xx.h:255,
                 from ../Drivers/STM32L0xx_HAL_Driver/Inc/stm32l0xx_hal_def.h:29,
                 from ../Drivers/STM32L0xx_HAL_Driver/Inc/stm32l0xx_hal_uart.h:28,
                 from ../Core/Inc/game.h:7,
                 from ../Core/Src/game.c:8:
../Drivers/STM32L0xx_HAL_Driver/Inc/stm32l0xx_hal_dma.h:118:3: error: unknown type name 'HAL_LockTypeDef'
  118 |   HAL_LockTypeDef       Lock;                                                        /*!< DMA locking object                   */
      |   ^~~~~~~~~~~~~~~
../Drivers/STM32L0xx_HAL_Driver/Inc/stm32l0xx_hal_dma.h:585:1: error: unknown type name 'HAL_StatusTypeDef'; did you mean 'HAL_DMA_StateTypeDef'?
  585 | HAL_StatusTypeDef HAL_DMA_Init(DMA_HandleTypeDef *hdma);
      | ^~~~~~~~~~~~~~~~~
      | HAL_DMA_StateTypeDef
../Drivers/STM32L0xx_HAL_Driver/Inc/stm32l0xx_hal_dma.h:586:1: error: unknown type name 'HAL_StatusTypeDef'; did you mean 'HAL_DMA_StateTypeDef'?
  586 | HAL_StatusTypeDef HAL_DMA_DeInit (DMA_HandleTypeDef *hdma);
      | ^~~~~~~~~~~~~~~~~
      | HAL_DMA_StateTypeDef
../Drivers/STM32L0xx_HAL_Driver/Inc/stm32l0xx_hal_dma.h:595:1: error: unknown type name 'HAL_StatusTypeDef'; did you mean 'HAL_DMA_StateTypeDef'?
  595 | HAL_StatusTypeDef HAL_DMA_Start (DMA_HandleTypeDef *hdma, uint32_t SrcAddress, uint32_t DstAddress, uint32_t DataLength);
      | ^~~~~~~~~~~~~~~~~
      | HAL_DMA_StateTypeDef
../Drivers/STM32L0xx_HAL_Driver/Inc/stm32l0xx_hal_dma.h:596:1: error: unknown type name 'HAL_StatusTypeDef'; did you mean 'HAL_DMA_StateTypeDef'?
  596 | HAL_StatusTypeDef HAL_DMA_Start_IT(DMA_HandleTypeDef *hdma, uint32_t SrcAddress, uint32_t DstAddress, uint32_t DataLength);
      | ^~~~~~~~~~~~~~~~~
      | HAL_DMA_StateTypeDef
../Drivers/STM32L0xx_HAL_Driver/Inc/stm32l0xx_hal_dma.h:597:1: error: unknown type name 'HAL_StatusTypeDef'; did you mean 'HAL_DMA_StateTypeDef'?
  597 | HAL_StatusTypeDef HAL_DMA_Abort(DMA_HandleTypeDef *hdma);
      | ^~~~~~~~~~~~~~~~~
      | HAL_DMA_StateTypeDef
../Drivers/STM32L0xx_HAL_Driver/Inc/stm32l0xx_hal_dma.h:598:1: error: unknown type name 'HAL_StatusTypeDef'; did you mean 'HAL_DMA_StateTypeDef'?
  598 | HAL_StatusTypeDef HAL_DMA_Abort_IT(DMA_HandleTypeDef *hdma);
      | ^~~~~~~~~~~~~~~~~
      | HAL_DMA_StateTypeDef
../Drivers/STM32L0xx_HAL_Driver/Inc/stm32l0xx_hal_dma.h:599:1: error: unknown type name 'HAL_StatusTypeDef'; did you mean 'HAL_DMA_StateTypeDef'?
  599 | HAL_StatusTypeDef HAL_DMA_PollForTransfer(DMA_HandleTypeDef *hdma, HAL_DMA_LevelCompleteTypeDef CompleteLevel, uint32_t Timeout);
      | ^~~~~~~~~~~~~~~~~
      | HAL_DMA_StateTypeDef
../Drivers/STM32L0xx_HAL_Driver/Inc/stm32l0xx_hal_dma.h:601:1: error: unknown type name 'HAL_StatusTypeDef'; did you mean 'HAL_DMA_StateTypeDef'?
  601 | HAL_StatusTypeDef HAL_DMA_RegisterCallback(DMA_HandleTypeDef *hdma, HAL_DMA_CallbackIDTypeDef CallbackID, void (* pCallback)( DMA_HandleTypeDef * _hdma));
      | ^~~~~~~~~~~~~~~~~
      | HAL_DMA_StateTypeDef
../Drivers/STM32L0xx_HAL_Driver/Inc/stm32l0xx_hal_dma.h:602:1: error: unknown type name 'HAL_StatusTypeDef'; did you mean 'HAL_DMA_StateTypeDef'?
  602 | HAL_StatusTypeDef HAL_DMA_UnRegisterCallback(DMA_HandleTypeDef *hdma, HAL_DMA_CallbackIDTypeDef CallbackID);
      | ^~~~~~~~~~~~~~~~~
      | HAL_DMA_StateTypeDef
In file included from ../Core/Inc/stm32l0xx_hal_conf.h:232,
                 from ../Drivers/STM32L0xx_HAL_Driver/Inc/stm32l0xx_hal.h:29,
                 from ../Drivers/CMSIS/Device/ST/STM32L0xx/Include/stm32l0xx.h:255,
                 from ../Drivers/STM32L0xx_HAL_Driver/Inc/stm32l0xx_hal_def.h:29,
                 from ../Drivers/STM32L0xx_HAL_Driver/Inc/stm32l0xx_hal_uart.h:28,
                 from ../Core/Inc/game.h:7,
                 from ../Core/Src/game.c:8:
../Drivers/STM32L0xx_HAL_Driver/Inc/stm32l0xx_hal_flash.h:87:3: error: unknown type name 'HAL_LockTypeDef'
   87 |   HAL_LockTypeDef             Lock;             /*!< FLASH locking object                */
      |   ^~~~~~~~~~~~~~~
In file included from ../Drivers/STM32L0xx_HAL_Driver/Inc/stm32l0xx_hal_flash.h:298,
                 from ../Core/Inc/stm32l0xx_hal_conf.h:232,
                 from ../Drivers/STM32L0xx_HAL_Driver/Inc/stm32l0xx_hal.h:29,
                 from ../Drivers/CMSIS/Device/ST/STM32L0xx/Include/stm32l0xx.h:255,
                 from ../Drivers/STM32L0xx_HAL_Driver/Inc/stm32l0xx_hal_def.h:29,
                 from ../Drivers/STM32L0xx_HAL_Driver/Inc/stm32l0xx_hal_uart.h:28,
                 from ../Core/Inc/game.h:7,
                 from ../Core/Src/game.c:8:
../Drivers/STM32L0xx_HAL_Driver/Inc/stm32l0xx_hal_flash_ex.h:744:1: error: unknown type name 'HAL_StatusTypeDef'; did you mean 'HAL_DMA_StateTypeDef'?
  744 | HAL_StatusTypeDef HAL_FLASHEx_Erase(FLASH_EraseInitTypeDef *pEraseInit, uint32_t *PageError);
      | ^~~~~~~~~~~~~~~~~
      | HAL_DMA_StateTypeDef
../Drivers/STM32L0xx_HAL_Driver/Inc/stm32l0xx_hal_flash_ex.h:745:1: error: unknown type name 'HAL_StatusTypeDef'; did you mean 'HAL_DMA_StateTypeDef'?
  745 | HAL_StatusTypeDef HAL_FLASHEx_Erase_IT(FLASH_EraseInitTypeDef *pEraseInit);
      | ^~~~~~~~~~~~~~~~~
      | HAL_DMA_StateTypeDef
../Drivers/STM32L0xx_HAL_Driver/Inc/stm32l0xx_hal_flash_ex.h:755:1: error: unknown type name 'HAL_StatusTypeDef'; did you mean 'HAL_DMA_StateTypeDef'?
  755 | HAL_StatusTypeDef HAL_FLASHEx_OBProgram(FLASH_OBProgramInitTypeDef *pOBInit);
      | ^~~~~~~~~~~~~~~~~
      | HAL_DMA_StateTypeDef
../Drivers/STM32L0xx_HAL_Driver/Inc/stm32l0xx_hal_flash_ex.h:760:1: error: unknown type name 'HAL_StatusTypeDef'; did you mean 'HAL_DMA_StateTypeDef'?
  760 | HAL_StatusTypeDef HAL_FLASHEx_AdvOBProgram (FLASH_AdvOBProgramInitTypeDef *pAdvOBInit);
      | ^~~~~~~~~~~~~~~~~
      | HAL_DMA_StateTypeDef
../Drivers/STM32L0xx_HAL_Driver/Inc/stm32l0xx_hal_flash_ex.h:767:1: error: unknown type name 'HAL_StatusTypeDef'; did you mean 'HAL_DMA_StateTypeDef'?
  767 | HAL_StatusTypeDef HAL_FLASHEx_OB_SelectPCROP(void);
      | ^~~~~~~~~~~~~~~~~
      | HAL_DMA_StateTypeDef
../Drivers/STM32L0xx_HAL_Driver/Inc/stm32l0xx_hal_flash_ex.h:768:1: error: unknown type name 'HAL_StatusTypeDef'; did you mean 'HAL_DMA_StateTypeDef'?
  768 | HAL_StatusTypeDef HAL_FLASHEx_OB_DeSelectPCROP(void);
      | ^~~~~~~~~~~~~~~~~
      | HAL_DMA_StateTypeDef
../Drivers/STM32L0xx_HAL_Driver/Inc/stm32l0xx_hal_flash_ex.h:780:1: error: unknown type name 'HAL_StatusTypeDef'; did you mean 'HAL_DMA_StateTypeDef'?
  780 | HAL_StatusTypeDef HAL_FLASHEx_DATAEEPROM_Unlock(void);
      | ^~~~~~~~~~~~~~~~~
      | HAL_DMA_StateTypeDef
../Drivers/STM32L0xx_HAL_Driver/Inc/stm32l0xx_hal_flash_ex.h:781:1: error: unknown type name 'HAL_StatusTypeDef'; did you mean 'HAL_DMA_StateTypeDef'?
  781 | HAL_StatusTypeDef HAL_FLASHEx_DATAEEPROM_Lock(void);
      | ^~~~~~~~~~~~~~~~~
      | HAL_DMA_StateTypeDef
../Drivers/STM32L0xx_HAL_Driver/Inc/stm32l0xx_hal_flash_ex.h:783:1: error: unknown type name 'HAL_StatusTypeDef'; did you mean 'HAL_DMA_StateTypeDef'?
  783 | HAL_StatusTypeDef HAL_FLASHEx_DATAEEPROM_Erase(uint32_t Address);
      | ^~~~~~~~~~~~~~~~~
      | HAL_DMA_StateTypeDef
../Drivers/STM32L0xx_HAL_Driver/Inc/stm32l0xx_hal_flash_ex.h:784:1: error: unknown type name 'HAL_StatusTypeDef'; did you mean 'HAL_DMA_StateTypeDef'?
  784 | HAL_StatusTypeDef HAL_FLASHEx_DATAEEPROM_Program(uint32_t TypeProgram, uint32_t Address, uint32_t Data);
      | ^~~~~~~~~~~~~~~~~
      | HAL_DMA_StateTypeDef
In file included from ../Drivers/STM32L0xx_HAL_Driver/Inc/stm32l0xx_hal_flash.h:299,
                 from ../Core/Inc/stm32l0xx_hal_conf.h:232,
                 from ../Drivers/STM32L0xx_HAL_Driver/Inc/stm32l0xx_hal.h:29,
                 from ../Drivers/CMSIS/Device/ST/STM32L0xx/Include/stm32l0xx.h:255,
                 from ../Drivers/STM32L0xx_HAL_Driver/Inc/stm32l0xx_hal_def.h:29,
                 from ../Drivers/STM32L0xx_HAL_Driver/Inc/stm32l0xx_hal_uart.h:28,
                 from ../Core/Inc/game.h:7,
                 from ../Core/Src/game.c:8:
../Drivers/STM32L0xx_HAL_Driver/Inc/stm32l0xx_hal_flash_ramfunc.h:56:1: error: unknown type name '__RAM_FUNC'
   56 | __RAM_FUNC HAL_StatusTypeDef HAL_FLASHEx_EnableRunPowerDown(void);
      | ^~~~~~~~~~
../Drivers/STM32L0xx_HAL_Driver/Inc/stm32l0xx_hal_flash_ramfunc.h:56:30: error: expected '=', ',', ';', 'asm' or '__attribute__' before 'HAL_FLASHEx_EnableRunPowerDown'
   56 | __RAM_FUNC HAL_StatusTypeDef HAL_FLASHEx_EnableRunPowerDown(void);
      |                              ^~~~~~~~~~~~~~~~~~~~~~~~~~~~~~
../Drivers/STM32L0xx_HAL_Driver/Inc/stm32l0xx_hal_flash_ramfunc.h:57:1: error: unknown type name '__RAM_FUNC'
   57 | __RAM_FUNC HAL_StatusTypeDef HAL_FLASHEx_DisableRunPowerDown(void);
      | ^~~~~~~~~~
../Drivers/STM32L0xx_HAL_Driver/Inc/stm32l0xx_hal_flash_ramfunc.h:57:30: error: expected '=', ',', ';', 'asm' or '__attribute__' before 'HAL_FLASHEx_DisableRunPowerDown'
   57 | __RAM_FUNC HAL_StatusTypeDef HAL_FLASHEx_DisableRunPowerDown(void);
      |                              ^~~~~~~~~~~~~~~~~~~~~~~~~~~~~~~
../Drivers/STM32L0xx_HAL_Driver/Inc/stm32l0xx_hal_flash_ramfunc.h:69:1: error: unknown type name '__RAM_FUNC'
   69 | __RAM_FUNC HAL_StatusTypeDef HAL_FLASHEx_EraseParallelPage(uint32_t Page_Address1, uint32_t Page_Address2);
      | ^~~~~~~~~~
../Drivers/STM32L0xx_HAL_Driver/Inc/stm32l0xx_hal_flash_ramfunc.h:69:30: error: expected '=', ',', ';', 'asm' or '__attribute__' before 'HAL_FLASHEx_EraseParallelPage'
   69 | __RAM_FUNC HAL_StatusTypeDef HAL_FLASHEx_EraseParallelPage(uint32_t Page_Address1, uint32_t Page_Address2);
      |                              ^~~~~~~~~~~~~~~~~~~~~~~~~~~~~
../Drivers/STM32L0xx_HAL_Driver/Inc/stm32l0xx_hal_flash_ramfunc.h:70:1: error: unknown type name '__RAM_FUNC'
   70 | __RAM_FUNC HAL_StatusTypeDef HAL_FLASHEx_ProgramParallelHalfPage(uint32_t Address1, uint32_t* pBuffer1, uint32_t Address2, uint32_t* pBuffer2);
      | ^~~~~~~~~~
../Drivers/STM32L0xx_HAL_Driver/Inc/stm32l0xx_hal_flash_ramfunc.h:70:30: error: expected '=', ',', ';', 'asm' or '__attribute__' before 'HAL_FLASHEx_ProgramParallelHalfPage'
   70 | __RAM_FUNC HAL_StatusTypeDef HAL_FLASHEx_ProgramParallelHalfPage(uint32_t Address1, uint32_t* pBuffer1, uint32_t Address2, uint32_t* pBuffer2);
      |                              ^~~~~~~~~~~~~~~~~~~~~~~~~~~~~~~~~~~
In file included from ../Drivers/STM32L0xx_HAL_Driver/Inc/stm32l0xx_hal_flash.h:299,
                 from ../Core/Inc/stm32l0xx_hal_conf.h:232,
                 from ../Drivers/STM32L0xx_HAL_Driver/Inc/stm32l0xx_hal.h:29,
                 from ../Drivers/CMSIS/Device/ST/STM32L0xx/Include/stm32l0xx.h:255,
                 from ../Drivers/STM32L0xx_HAL_Driver/Inc/stm32l0xx_hal_def.h:29,
                 from ../Drivers/STM32L0xx_HAL_Driver/Inc/stm32l0xx_hal_uart.h:28,
                 from ../Core/Inc/game.h:7,
                 from ../Core/Src/game.c:8:
../Drivers/STM32L0xx_HAL_Driver/Inc/stm32l0xx_hal_flash_ramfunc.h:74:1: error: unknown type name '__RAM_FUNC'
   74 | __RAM_FUNC HAL_StatusTypeDef HAL_FLASHEx_HalfPageProgram(uint32_t Address, uint32_t* pBuffer);
      | ^~~~~~~~~~
../Drivers/STM32L0xx_HAL_Driver/Inc/stm32l0xx_hal_flash_ramfunc.h:74:30: error: expected '=', ',', ';', 'asm' or '__attribute__' before 'HAL_FLASHEx_HalfPageProgram'
   74 | __RAM_FUNC HAL_StatusTypeDef HAL_FLASHEx_HalfPageProgram(uint32_t Address, uint32_t* pBuffer);
      |                              ^~~~~~~~~~~~~~~~~~~~~~~~~~~
../Drivers/STM32L0xx_HAL_Driver/Inc/stm32l0xx_hal_flash_ramfunc.h:83:1: error: unknown type name '__RAM_FUNC'
   83 | __RAM_FUNC  HAL_StatusTypeDef HAL_FLASHEx_GetError(uint32_t *Error);
      | ^~~~~~~~~~
../Drivers/STM32L0xx_HAL_Driver/Inc/stm32l0xx_hal_flash_ramfunc.h:83:31: error: expected '=', ',', ';', 'asm' or '__attribute__' before 'HAL_FLASHEx_GetError'
   83 | __RAM_FUNC  HAL_StatusTypeDef HAL_FLASHEx_GetError(uint32_t *Error);
      |                               ^~~~~~~~~~~~~~~~~~~~
In file included from ../Core/Inc/stm32l0xx_hal_conf.h:232,
                 from ../Drivers/STM32L0xx_HAL_Driver/Inc/stm32l0xx_hal.h:29,
                 from ../Drivers/CMSIS/Device/ST/STM32L0xx/Include/stm32l0xx.h:255,
                 from ../Drivers/STM32L0xx_HAL_Driver/Inc/stm32l0xx_hal_def.h:29,
                 from ../Drivers/STM32L0xx_HAL_Driver/Inc/stm32l0xx_hal_uart.h:28,
                 from ../Core/Inc/game.h:7,
                 from ../Core/Src/game.c:8:
../Drivers/STM32L0xx_HAL_Driver/Inc/stm32l0xx_hal_flash.h:310:1: error: unknown type name 'HAL_StatusTypeDef'; did you mean 'HAL_DMA_StateTypeDef'?
  310 | HAL_StatusTypeDef HAL_FLASH_Program(uint32_t TypeProgram, uint32_t Address, uint32_t Data);
      | ^~~~~~~~~~~~~~~~~
      | HAL_DMA_StateTypeDef
../Drivers/STM32L0xx_HAL_Driver/Inc/stm32l0xx_hal_flash.h:311:1: error: unknown type name 'HAL_StatusTypeDef'; did you mean 'HAL_DMA_StateTypeDef'?
  311 | HAL_StatusTypeDef HAL_FLASH_Program_IT(uint32_t TypeProgram, uint32_t Address, uint32_t Data);
      | ^~~~~~~~~~~~~~~~~
      | HAL_DMA_StateTypeDef
../Drivers/STM32L0xx_HAL_Driver/Inc/stm32l0xx_hal_flash.h:327:1: error: unknown type name 'HAL_StatusTypeDef'; did you mean 'HAL_DMA_StateTypeDef'?
  327 | HAL_StatusTypeDef HAL_FLASH_Unlock(void);
      | ^~~~~~~~~~~~~~~~~
      | HAL_DMA_StateTypeDef
../Drivers/STM32L0xx_HAL_Driver/Inc/stm32l0xx_hal_flash.h:328:1: error: unknown type name 'HAL_StatusTypeDef'; did you mean 'HAL_DMA_StateTypeDef'?
  328 | HAL_StatusTypeDef HAL_FLASH_Lock(void);
      | ^~~~~~~~~~~~~~~~~
      | HAL_DMA_StateTypeDef
../Drivers/STM32L0xx_HAL_Driver/Inc/stm32l0xx_hal_flash.h:329:1: error: unknown type name 'HAL_StatusTypeDef'; did you mean 'HAL_DMA_StateTypeDef'?
  329 | HAL_StatusTypeDef HAL_FLASH_OB_Unlock(void);
      | ^~~~~~~~~~~~~~~~~
      | HAL_DMA_StateTypeDef
../Drivers/STM32L0xx_HAL_Driver/Inc/stm32l0xx_hal_flash.h:330:1: error: unknown type name 'HAL_StatusTypeDef'; did you mean 'HAL_DMA_StateTypeDef'?
  330 | HAL_StatusTypeDef HAL_FLASH_OB_Lock(void);
      | ^~~~~~~~~~~~~~~~~
      | HAL_DMA_StateTypeDef
../Drivers/STM32L0xx_HAL_Driver/Inc/stm32l0xx_hal_flash.h:331:1: error: unknown type name 'HAL_StatusTypeDef'; did you mean 'HAL_DMA_StateTypeDef'?
  331 | HAL_StatusTypeDef HAL_FLASH_OB_Launch(void);
      | ^~~~~~~~~~~~~~~~~
      | HAL_DMA_StateTypeDef
../Drivers/STM32L0xx_HAL_Driver/Inc/stm32l0xx_hal_flash.h:365:1: error: unknown type name 'HAL_StatusTypeDef'; did you mean 'HAL_DMA_StateTypeDef'?
  365 | HAL_StatusTypeDef       FLASH_WaitForLastOperation(uint32_t Timeout);
      | ^~~~~~~~~~~~~~~~~
      | HAL_DMA_StateTypeDef
In file included from ../Core/Inc/stm32l0xx_hal_conf.h:236,
                 from ../Drivers/STM32L0xx_HAL_Driver/Inc/stm32l0xx_hal.h:29,
                 from ../Drivers/CMSIS/Device/ST/STM32L0xx/Include/stm32l0xx.h:255,
                 from ../Drivers/STM32L0xx_HAL_Driver/Inc/stm32l0xx_hal_def.h:29,
                 from ../Drivers/STM32L0xx_HAL_Driver/Inc/stm32l0xx_hal_uart.h:28,
                 from ../Core/Inc/game.h:7,
                 from ../Core/Src/game.c:8:
../Drivers/STM32L0xx_HAL_Driver/Inc/stm32l0xx_hal_i2c.h:203:3: error: expected specifier-qualifier-list before 'HAL_StatusTypeDef'
  203 |   HAL_StatusTypeDef(*XferISR)(struct __I2C_HandleTypeDef *hi2c, uint32_t ITFlags, uint32_t ITSources);
      |   ^~~~~~~~~~~~~~~~~
In file included from ../Drivers/STM32L0xx_HAL_Driver/Inc/stm32l0xx_hal_i2c.h:592,
                 from ../Core/Inc/stm32l0xx_hal_conf.h:236,
[...]
   47 |  int dummy = strcmp(game.gameState, state); //strcmp returns 0 if input strings are equal
      |              ^~~~~~
../Core/Src/game.c: In function 'startGame':
../Core/Src/game.c:71:49: warning: implicit declaration of function 'strlen' [-Wimplicit-function-declaration]
   71 |  HAL_UART_Transmit(&huart1, (uint8_t*) message, strlen(message), HAL_MAX_DELAY);
      |                                                 ^~~~~~
../Core/Src/game.c:71:49: warning: incompatible implicit declaration of built-in function 'strlen'
../Core/Src/game.c:71:49: note: include '<string.h>' or provide a declaration of 'strlen'
../Core/Src/game.c: In function 'endGame':
../Core/Src/game.c:92:49: warning: incompatible implicit declaration of built-in function 'strlen'
   92 |  HAL_UART_Transmit(&huart1, (uint8_t*) message, strlen(message), HAL_MAX_DELAY);
      |                                                 ^~~~~~
../Core/Src/game.c:92:49: note: include '<string.h>' or provide a declaration of 'strlen'
../Core/Src/game.c: In function 'updateTime':
../Core/Src/game.c:107:49: warning: incompatible implicit declaration of built-in function 'strlen'
  107 |  HAL_UART_Transmit(&huart1, (uint8_t*) message, strlen(message), HAL_MAX_DELAY);
      |                                                 ^~~~~~
../Core/Src/game.c:107:49: note: include '<string.h>' or provide a declaration of 'strlen'
../Core/Src/game.c: In function 'sendTime':
../Core/Src/game.c:166:49: warning: incompatible implicit declaration of built-in function 'strlen'
  166 |  HAL_UART_Transmit(&huart1, (uint8_t*) message, strlen(message), HAL_MAX_DELAY);
      |                                                 ^~~~~~
../Core/Src/game.c:166:49: note: include '<string.h>' or provide a declaration of 'strlen'
../Core/Src/game.c: In function 'startGame':
../Core/Src/game.c:70:33: warning: '** Start **
   ' directive writing 13 bytes into a region of size 12 [-Wformat-overflow=]
   70 |  sprintf(message, "** Start **\r\n");
      |                    ~~~~~~~~~~~~~^~
../Core/Src/game.c:70:2: note: 'sprintf' output 14 bytes into a destination of size 12
   70 |  sprintf(message, "** Start **\r\n");
      |  ^~~~~~~~~~~~~~~~~~~~~~~~~~~~~~~~~~~
../Core/Src/game.c: In function 'updateTime':
../Core/Src/game.c:105:31: warning: 'Live: White: ' directive writing 13 bytes into a region of size 12 [-Wformat-overflow=]
  105 |  sprintf(message,"Live: White: %02d:%02d Black: %02d:%02d\r\n"
      |                   ~~~~~~~~~~~~^
../Core/Src/game.c:105:2: note: 'sprintf' output between 34 and 70 bytes into a destination of size 12
  105 |  sprintf(message,"Live: White: %02d:%02d Black: %02d:%02d\r\n"
      |  ^~~~~~~~~~~~~~~~~~~~~~~~~~~~~~~~~~~~~~~~~~~~~~~~~~~~~~~~~~~~~
  106 |         ,p0_min,p0_sec,p1_min,p1_sec);
      |         ~~~~~~~~~~~~~~~~~~~~~~~~~~~~~
../Core/Src/game.c:111:36: warning: ' flagged!
White: ' directive writing 17 bytes into a region of size between 0 and 5 [-Wformat-overflow=]
  111 |      sprintf(message,"Player%d flagged!\nWhite: %02d:%02d Black: %02d:%02d\r\n",
      |                               ~~~~~^~~~~~~~~~~~~
../Core/Src/game.c:111:6: note: 'sprintf' output between 45 and 91 bytes into a destination of size 12
  111 |      sprintf(message,"Player%d flagged!\nWhite: %02d:%02d Black: %02d:%02d\r\n",
      |      ^~~~~~~~~~~~~~~~~~~~~~~~~~~~~~~~~~~~~~~~~~~~~~~~~~~~~~~~~~~~~~~~~~~~~~~~~~~
  112 |        game.currPlayer,p0_min,p0_sec,p1_min,p1_sec);
      |        ~~~~~~~~~~~~~~~~~~~~~~~~~~~~~~~~~~~~~~~~~~~~
../Core/Src/game.c: In function 'sendTime':
../Core/Src/game.c:163:36: warning: '
   ' directive writing 2 bytes into a region of size 0 [-Wformat-overflow=]
  163 |   sprintf(message,"Black: %02d:%02d\r\n",p_min,p_sec);
      |                                    ^~~~
../Core/Src/game.c:163:3: note: 'sprintf' output between 15 and 33 bytes into a destination of size 12
  163 |   sprintf(message,"Black: %02d:%02d\r\n",p_min,p_sec);
      |   ^~~~~~~~~~~~~~~~~~~~~~~~~~~~~~~~~~~~~~~~~~~~~~~~~~~
../Core/Src/game.c:159:36: warning: ' 
   ' directive writing 3 bytes into a region of size 0 [-Wformat-overflow=]
  159 |   sprintf(message,"White: %02d:%02d \r\n",p_min,p_sec);
      |                                    ^~~~~
../Core/Src/game.c:159:3: note: 'sprintf' output between 16 and 34 bytes into a destination of size 12
  159 |   sprintf(message,"White: %02d:%02d \r\n",p_min,p_sec);
      |   ^~~~~~~~~~~~~~~~~~~~~~~~~~~~~~~~~~~~~~~~~~~~~~~~~~~~
arm-none-eabi-gcc -o "PMIK-zegar.elf" @"objects.list"  -lrdimon -mcpu=cortex-m0plus -T"C:\Users\kajet\Desktop\pmik-clean\pmik23l_klimaszewski_lachanski\PMIK-projekt\PMIK-zegar\STM32L073RZTX_FLASH.ld" --specs=nosys.specs -Wl,-Map="PMIK-zegar.map" -Wl,--gc-sections -static -specs=rdimon.specs --specs=nano.specs -mfloat-abi=soft -mthumb -Wl,--start-group -lc -lm -Wl,--end-group
Finished building target: PMIK-zegar.elf
 
arm-none-eabi-size   PMIK-zegar.elf 
arm-none-eabi-objdump -h -S  PMIK-zegar.elf  > "PMIK-zegar.list"
   text	   data	    bss	    dec	    hex	filename
  28992	    316	   2236	  31544	   7b38	PMIK-zegar.elf
Finished building: default.size.stdout
 
Finished building: PMIK-zegar.list
 
02:25:21 **** Incremental Build of configuration Debug for project PMIK-zegar ****
make -j12 all 
arm-none-eabi-gcc "../Core/Src/game.c" -mcpu=cortex-m0plus -std=gnu11 -g3 -DDEBUG -DUSE_HAL_DRIVER -DSTM32L073xx -c -I../Core/Inc -I../Drivers/STM32L0xx_HAL_Driver/Inc -I../Drivers/STM32L0xx_HAL_Driver/Inc/Legacy -I../Drivers/CMSIS/Device/ST/STM32L0xx/Include -I../Drivers/CMSIS/Include -I../FATFS/Target -I../FATFS/App -I../Middlewares/Third_Party/FatFs/src -O0 -ffunction-sections -fdata-sections -Wall -fstack-usage -fcyclomatic-complexity -MMD -MP -MF"Core/Src/game.d" -MT"Core/Src/game.o" --specs=nano.specs -mfloat-abi=soft -mthumb -o "Core/Src/game.o"
In file included from ../Core/Src/game.c:8:
../Core/Inc/game.h:55:9: warning: extra tokens at end of #endif directive [-Wendif-labels]
   55 | #endif  INC_GAME_H_
      |         ^~~~~~~~~~~
../Core/Src/game.c: In function 'changeGameState':
../Core/Src/game.c:41:2: warning: implicit declaration of function 'strcpy' [-Wimplicit-function-declaration]
   41 |  strcpy(game.gameState, state);
      |  ^~~~~~
../Core/Src/game.c:41:2: warning: incompatible implicit declaration of built-in function 'strcpy'
../Core/Src/game.c:11:1: note: include '<string.h>' or provide a declaration of 'strcpy'
   10 | #include "main.h"
  +++ |+#include <string.h>
   11 | 
../Core/Src/game.c: In function 'compareGameState':
../Core/Src/game.c:47:14: warning: implicit declaration of function 'strcmp' [-Wimplicit-function-declaration]
   47 |  int dummy = strcmp(game.gameState, state); //strcmp returns 0 if input strings are equal
      |              ^~~~~~
../Core/Src/game.c: In function 'startGame':
../Core/Src/game.c:71:49: warning: implicit declaration of function 'strlen' [-Wimplicit-function-declaration]
   71 |  HAL_UART_Transmit(&huart1, (uint8_t*) message, strlen(message), HAL_MAX_DELAY);
      |                                                 ^~~~~~
../Core/Src/game.c:71:49: warning: incompatible implicit declaration of built-in function 'strlen'
../Core/Src/game.c:71:49: note: include '<string.h>' or provide a declaration of 'strlen'
../Core/Src/game.c: In function 'endGame':
../Core/Src/game.c:92:49: warning: incompatible implicit declaration of built-in function 'strlen'
   92 |  HAL_UART_Transmit(&huart1, (uint8_t*) message, strlen(message), HAL_MAX_DELAY);
      |                                                 ^~~~~~
../Core/Src/game.c:92:49: note: include '<string.h>' or provide a declaration of 'strlen'
../Core/Src/game.c: In function 'updateTime':
../Core/Src/game.c:107:49: warning: incompatible implicit declaration of built-in function 'strlen'
  107 |  HAL_UART_Transmit(&huart1, (uint8_t*) message, strlen(message), HAL_MAX_DELAY);
      |                                                 ^~~~~~
../Core/Src/game.c:107:49: note: include '<string.h>' or provide a declaration of 'strlen'
../Core/Src/game.c: In function 'sendTime':
../Core/Src/game.c:166:49: warning: incompatible implicit declaration of built-in function 'strlen'
  166 |  HAL_UART_Transmit(&huart1, (uint8_t*) message, strlen(message), HAL_MAX_DELAY);
      |                                                 ^~~~~~
../Core/Src/game.c:166:49: note: include '<string.h>' or provide a declaration of 'strlen'
../Core/Src/game.c: In function 'startGame':
../Core/Src/game.c:70:33: warning: '** Start **
   ' directive writing 13 bytes into a region of size 12 [-Wformat-overflow=]
   70 |  sprintf(message, "** Start **\r\n");
      |                    ~~~~~~~~~~~~~^~
../Core/Src/game.c:70:2: note: 'sprintf' output 14 bytes into a destination of size 12
   70 |  sprintf(message, "** Start **\r\n");
      |  ^~~~~~~~~~~~~~~~~~~~~~~~~~~~~~~~~~~
../Core/Src/game.c: In function 'endGame':
../Core/Src/game.c:91:32: warning: '<br>** End **
   ' directive writing 15 bytes into a region of size 12 [-Wformat-overflow=]
   91 |  sprintf(message, "<br>** End **\r\n");
      |                    ~~~~~~~~~~~~^~~~~
../Core/Src/game.c:91:2: note: 'sprintf' output 16 bytes into a destination of size 12
   91 |  sprintf(message, "<br>** End **\r\n");
      |  ^~~~~~~~~~~~~~~~~~~~~~~~~~~~~~~~~~~~~
../Core/Src/game.c: In function 'updateTime':
../Core/Src/game.c:105:31: warning: 'Live: White: ' directive writing 13 bytes into a region of size 12 [-Wformat-overflow=]
  105 |  sprintf(message,"Live: White: %02d:%02d Black: %02d:%02d\r\n"
      |                   ~~~~~~~~~~~~^
../Core/Src/game.c:105:2: note: 'sprintf' output between 34 and 70 bytes into a destination of size 12
  105 |  sprintf(message,"Live: White: %02d:%02d Black: %02d:%02d\r\n"
      |  ^~~~~~~~~~~~~~~~~~~~~~~~~~~~~~~~~~~~~~~~~~~~~~~~~~~~~~~~~~~~~
  106 |         ,p0_min,p0_sec,p1_min,p1_sec);
      |         ~~~~~~~~~~~~~~~~~~~~~~~~~~~~~
../Core/Src/game.c:111:36: warning: ' flagged!
White: ' directive writing 17 bytes into a region of size between 0 and 5 [-Wformat-overflow=]
  111 |      sprintf(message,"Player%d flagged!\nWhite: %02d:%02d Black: %02d:%02d\r\n",
      |                               ~~~~~^~~~~~~~~~~~~
../Core/Src/game.c:111:6: note: 'sprintf' output between 45 and 91 bytes into a destination of size 12
  111 |      sprintf(message,"Player%d flagged!\nWhite: %02d:%02d Black: %02d:%02d\r\n",
      |      ^~~~~~~~~~~~~~~~~~~~~~~~~~~~~~~~~~~~~~~~~~~~~~~~~~~~~~~~~~~~~~~~~~~~~~~~~~~
  112 |        game.currPlayer,p0_min,p0_sec,p1_min,p1_sec);
      |        ~~~~~~~~~~~~~~~~~~~~~~~~~~~~~~~~~~~~~~~~~~~~
../Core/Src/game.c: In function 'sendTime':
../Core/Src/game.c:163:36: warning: '
   ' directive writing 2 bytes into a region of size 0 [-Wformat-overflow=]
  163 |   sprintf(message,"Black: %02d:%02d\r\n",p_min,p_sec);
      |                                    ^~~~
../Core/Src/game.c:163:3: note: 'sprintf' output between 15 and 33 bytes into a destination of size 12
  163 |   sprintf(message,"Black: %02d:%02d\r\n",p_min,p_sec);
      |   ^~~~~~~~~~~~~~~~~~~~~~~~~~~~~~~~~~~~~~~~~~~~~~~~~~~
../Core/Src/game.c:159:36: warning: ' 
   ' directive writing 3 bytes into a region of size 0 [-Wformat-overflow=]
  159 |   sprintf(message,"White: %02d:%02d \r\n",p_min,p_sec);
      |                                    ^~~~~
../Core/Src/game.c:159:3: note: 'sprintf' output between 16 and 34 bytes into a destination of size 12
  159 |   sprintf(message,"White: %02d:%02d \r\n",p_min,p_sec);
      |   ^~~~~~~~~~~~~~~~~~~~~~~~~~~~~~~~~~~~~~~~~~~~~~~~~~~~
arm-none-eabi-gcc -o "PMIK-zegar.elf" @"objects.list"  -lrdimon -mcpu=cortex-m0plus -T"C:\Users\kajet\Desktop\pmik-clean\pmik23l_klimaszewski_lachanski\PMIK-projekt\PMIK-zegar\STM32L073RZTX_FLASH.ld" --specs=nosys.specs -Wl,-Map="PMIK-zegar.map" -Wl,--gc-sections -static -specs=rdimon.specs --specs=nano.specs -mfloat-abi=soft -mthumb -Wl,--start-group -lc -lm -Wl,--end-group
Finished building target: PMIK-zegar.elf
 
arm-none-eabi-size   PMIK-zegar.elf 
arm-none-eabi-objdump -h -S  PMIK-zegar.elf  > "PMIK-zegar.list"
   text	   data	    bss	    dec	    hex	filename
  28996	    316	   2236	  31548	   7b3c	PMIK-zegar.elf
Finished building: default.size.stdout
 
Finished building: PMIK-zegar.list
 
03:14:13 **** Incremental Build of configuration Debug for project PMIK-zegar ****
make -j12 all 
arm-none-eabi-gcc "../Core/Src/game.c" -mcpu=cortex-m0plus -std=gnu11 -g3 -DDEBUG -DUSE_HAL_DRIVER -DSTM32L073xx -c -I../Core/Inc -I../Drivers/STM32L0xx_HAL_Driver/Inc -I../Drivers/STM32L0xx_HAL_Driver/Inc/Legacy -I../Drivers/CMSIS/Device/ST/STM32L0xx/Include -I../Drivers/CMSIS/Include -I../FATFS/Target -I../FATFS/App -I../Middlewares/Third_Party/FatFs/src -O0 -ffunction-sections -fdata-sections -Wall -fstack-usage -fcyclomatic-complexity -MMD -MP -MF"Core/Src/game.d" -MT"Core/Src/game.o" --specs=nano.specs -mfloat-abi=soft -mthumb -o "Core/Src/game.o"
In file included from ../Core/Src/game.c:8:
../Core/Inc/game.h:55:9: warning: extra tokens at end of #endif directive [-Wendif-labels]
   55 | #endif  INC_GAME_H_
      |         ^~~~~~~~~~~
../Core/Src/game.c: In function 'changeGameState':
../Core/Src/game.c:41:2: warning: implicit declaration of function 'strcpy' [-Wimplicit-function-declaration]
   41 |  strcpy(game.gameState, state);
      |  ^~~~~~
../Core/Src/game.c:41:2: warning: incompatible implicit declaration of built-in function 'strcpy'
../Core/Src/game.c:11:1: note: include '<string.h>' or provide a declaration of 'strcpy'
   10 | #include "main.h"
  +++ |+#include <string.h>
   11 | 
../Core/Src/game.c: In function 'compareGameState':
../Core/Src/game.c:47:14: warning: implicit declaration of function 'strcmp' [-Wimplicit-function-declaration]
   47 |  int dummy = strcmp(game.gameState, state); //strcmp returns 0 if input strings are equal
      |              ^~~~~~
../Core/Src/game.c: In function 'startGame':
../Core/Src/game.c:71:49: warning: implicit declaration of function 'strlen' [-Wimplicit-function-declaration]
   71 |  HAL_UART_Transmit(&huart1, (uint8_t*) message, strlen(message), HAL_MAX_DELAY);
      |                                                 ^~~~~~
../Core/Src/game.c:71:49: warning: incompatible implicit declaration of built-in function 'strlen'
../Core/Src/game.c:71:49: note: include '<string.h>' or provide a declaration of 'strlen'
../Core/Src/game.c: In function 'endGame':
../Core/Src/game.c:92:49: warning: incompatible implicit declaration of built-in function 'strlen'
   92 |  HAL_UART_Transmit(&huart1, (uint8_t*) message, strlen(message), HAL_MAX_DELAY);
      |                                                 ^~~~~~
../Core/Src/game.c:92:49: note: include '<string.h>' or provide a declaration of 'strlen'
../Core/Src/game.c: In function 'updateTime':
../Core/Src/game.c:107:49: warning: incompatible implicit declaration of built-in function 'strlen'
  107 |  HAL_UART_Transmit(&huart1, (uint8_t*) message, strlen(message), HAL_MAX_DELAY);
      |                                                 ^~~~~~
../Core/Src/game.c:107:49: note: include '<string.h>' or provide a declaration of 'strlen'
../Core/Src/game.c: In function 'sendTime':
../Core/Src/game.c:166:49: warning: incompatible implicit declaration of built-in function 'strlen'
  166 |  HAL_UART_Transmit(&huart1, (uint8_t*) message, strlen(message), HAL_MAX_DELAY);
      |                                                 ^~~~~~
../Core/Src/game.c:166:49: note: include '<string.h>' or provide a declaration of 'strlen'
../Core/Src/game.c: In function 'startGame':
../Core/Src/game.c:70:33: warning: '** Start **
   ' directive writing 13 bytes into a region of size 12 [-Wformat-overflow=]
   70 |  sprintf(message, "** Start **\r\n");
      |                    ~~~~~~~~~~~~~^~
../Core/Src/game.c:70:2: note: 'sprintf' output 14 bytes into a destination of size 12
   70 |  sprintf(message, "** Start **\r\n");
      |  ^~~~~~~~~~~~~~~~~~~~~~~~~~~~~~~~~~~
../Core/Src/game.c: In function 'endGame':
../Core/Src/game.c:91:32: warning: '<br>** End **
   ' directive writing 15 bytes into a region of size 12 [-Wformat-overflow=]
   91 |  sprintf(message, "<br>** End **\r\n");
      |                    ~~~~~~~~~~~~^~~~~
../Core/Src/game.c:91:2: note: 'sprintf' output 16 bytes into a destination of size 12
   91 |  sprintf(message, "<br>** End **\r\n");
      |  ^~~~~~~~~~~~~~~~~~~~~~~~~~~~~~~~~~~~~
../Core/Src/game.c: In function 'updateTime':
../Core/Src/game.c:105:31: warning: 'Live: White: ' directive writing 13 bytes into a region of size 12 [-Wformat-overflow=]
  105 |  sprintf(message,"Live: White: %02d:%02d Black: %02d:%02d\r\n"
      |                   ~~~~~~~~~~~~^
../Core/Src/game.c:105:2: note: 'sprintf' output between 34 and 70 bytes into a destination of size 12
  105 |  sprintf(message,"Live: White: %02d:%02d Black: %02d:%02d\r\n"
      |  ^~~~~~~~~~~~~~~~~~~~~~~~~~~~~~~~~~~~~~~~~~~~~~~~~~~~~~~~~~~~~
  106 |         ,p0_min,p0_sec,p1_min,p1_sec);
      |         ~~~~~~~~~~~~~~~~~~~~~~~~~~~~~
../Core/Src/game.c:111:36: warning: ' flagged!
White: ' directive writing 17 bytes into a region of size between 0 and 5 [-Wformat-overflow=]
  111 |      sprintf(message,"Player%d flagged!\nWhite: %02d:%02d Black: %02d:%02d\r\n",
      |                               ~~~~~^~~~~~~~~~~~~
../Core/Src/game.c:111:6: note: 'sprintf' output between 45 and 91 bytes into a destination of size 12
  111 |      sprintf(message,"Player%d flagged!\nWhite: %02d:%02d Black: %02d:%02d\r\n",
      |      ^~~~~~~~~~~~~~~~~~~~~~~~~~~~~~~~~~~~~~~~~~~~~~~~~~~~~~~~~~~~~~~~~~~~~~~~~~~
  112 |        game.currPlayer,p0_min,p0_sec,p1_min,p1_sec);
      |        ~~~~~~~~~~~~~~~~~~~~~~~~~~~~~~~~~~~~~~~~~~~~
../Core/Src/game.c: In function 'sendTime':
../Core/Src/game.c:163:36: warning: '
   ' directive writing 2 bytes into a region of size 0 [-Wformat-overflow=]
  163 |   sprintf(message,"Black: %02d:%02d\r\n",p_min,p_sec);
      |                                    ^~~~
../Core/Src/game.c:163:3: note: 'sprintf' output between 15 and 33 bytes into a destination of size 12
  163 |   sprintf(message,"Black: %02d:%02d\r\n",p_min,p_sec);
      |   ^~~~~~~~~~~~~~~~~~~~~~~~~~~~~~~~~~~~~~~~~~~~~~~~~~~
../Core/Src/game.c:159:36: warning: ' 
   ' directive writing 3 bytes into a region of size 0 [-Wformat-overflow=]
  159 |   sprintf(message,"White: %02d:%02d \r\n",p_min,p_sec);
      |                                    ^~~~~
../Core/Src/game.c:159:3: note: 'sprintf' output between 16 and 34 bytes into a destination of size 12
  159 |   sprintf(message,"White: %02d:%02d \r\n",p_min,p_sec);
      |   ^~~~~~~~~~~~~~~~~~~~~~~~~~~~~~~~~~~~~~~~~~~~~~~~~~~~
arm-none-eabi-gcc -o "PMIK-zegar.elf" @"objects.list"  -lrdimon -mcpu=cortex-m0plus -T"C:\Users\kajet\Desktop\pmik-clean\pmik23l_klimaszewski_lachanski\PMIK-projekt\PMIK-zegar\STM32L073RZTX_FLASH.ld" --specs=nosys.specs -Wl,-Map="PMIK-zegar.map" -Wl,--gc-sections -static -specs=rdimon.specs --specs=nano.specs -mfloat-abi=soft -mthumb -Wl,--start-group -lc -lm -Wl,--end-group
Finished building target: PMIK-zegar.elf
 
arm-none-eabi-size   PMIK-zegar.elf 
arm-none-eabi-objdump -h -S  PMIK-zegar.elf  > "PMIK-zegar.list"
   text	   data	    bss	    dec	    hex	filename
  28996	    316	   2236	  31548	   7b3c	PMIK-zegar.elf
Finished building: default.size.stdout
 
Finished building: PMIK-zegar.list
 
03:15:08 **** Incremental Build of configuration Debug for project PMIK-zegar ****
make -j12 all 
arm-none-eabi-size   PMIK-zegar.elf 
   text	   data	    bss	    dec	    hex	filename
  28996	    316	   2236	  31548	   7b3c	PMIK-zegar.elf
Finished building: default.size.stdout
 
03:22:55 **** Incremental Build of configuration Debug for project PMIK-zegar ****
make -j12 all 
arm-none-eabi-size   PMIK-zegar.elf 
   text	   data	    bss	    dec	    hex	filename
  28996	    316	   2236	  31548	   7b3c	PMIK-zegar.elf
Finished building: default.size.stdout
 
